Archive member included to satisfy reference by file (symbol)

c:/program files (x86)/gnu tools arm embedded/5.4 2016q3/bin/../lib/gcc/arm-none-eabi/5.4.1/armv6-m\libgcc.a(_udivsi3.o)
                              ..\obj\stm32f0xx_hal.o (__aeabi_uidiv)
c:/program files (x86)/gnu tools arm embedded/5.4 2016q3/bin/../lib/gcc/arm-none-eabi/5.4.1/armv6-m\libgcc.a(_dvmd_tls.o)
                              c:/program files (x86)/gnu tools arm embedded/5.4 2016q3/bin/../lib/gcc/arm-none-eabi/5.4.1/armv6-m\libgcc.a(_udivsi3.o) (__aeabi_idiv0)
c:/program files (x86)/gnu tools arm embedded/5.4 2016q3/bin/../lib/gcc/arm-none-eabi/5.4.1/../../../../arm-none-eabi/lib/armv6-m\libg.a(lib_a-exit.o)
                              c:/program files (x86)/gnu tools arm embedded/5.4 2016q3/bin/../lib/gcc/arm-none-eabi/5.4.1/../../../../arm-none-eabi/lib/armv6-m/crt0.o (exit)
c:/program files (x86)/gnu tools arm embedded/5.4 2016q3/bin/../lib/gcc/arm-none-eabi/5.4.1/../../../../arm-none-eabi/lib/armv6-m\libg.a(lib_a-impure.o)
                              c:/program files (x86)/gnu tools arm embedded/5.4 2016q3/bin/../lib/gcc/arm-none-eabi/5.4.1/../../../../arm-none-eabi/lib/armv6-m\libg.a(lib_a-exit.o) (_global_impure_ptr)
c:/program files (x86)/gnu tools arm embedded/5.4 2016q3/bin/../lib/gcc/arm-none-eabi/5.4.1/../../../../arm-none-eabi/lib/armv6-m\libg.a(lib_a-init.o)
                              c:/program files (x86)/gnu tools arm embedded/5.4 2016q3/bin/../lib/gcc/arm-none-eabi/5.4.1/../../../../arm-none-eabi/lib/armv6-m/crt0.o (__libc_init_array)
c:/program files (x86)/gnu tools arm embedded/5.4 2016q3/bin/../lib/gcc/arm-none-eabi/5.4.1/../../../../arm-none-eabi/lib/armv6-m\libg.a(lib_a-memset.o)
                              c:/program files (x86)/gnu tools arm embedded/5.4 2016q3/bin/../lib/gcc/arm-none-eabi/5.4.1/../../../../arm-none-eabi/lib/armv6-m/crt0.o (memset)
c:/program files (x86)/gnu tools arm embedded/5.4 2016q3/bin/../lib/gcc/arm-none-eabi/5.4.1/../../../../arm-none-eabi/lib/armv6-m\libg.a(lib_a-__call_atexit.o)
                              c:/program files (x86)/gnu tools arm embedded/5.4 2016q3/bin/../lib/gcc/arm-none-eabi/5.4.1/../../../../arm-none-eabi/lib/armv6-m\libg.a(lib_a-exit.o) (__call_exitprocs)
c:/program files (x86)/gnu tools arm embedded/5.4 2016q3/bin/../lib/gcc/arm-none-eabi/5.4.1/../../../../arm-none-eabi/lib/armv6-m\libg.a(lib_a-atexit.o)
                              c:/program files (x86)/gnu tools arm embedded/5.4 2016q3/bin/../lib/gcc/arm-none-eabi/5.4.1/../../../../arm-none-eabi/lib/armv6-m\libg.a(lib_a-__call_atexit.o) (atexit)
c:/program files (x86)/gnu tools arm embedded/5.4 2016q3/bin/../lib/gcc/arm-none-eabi/5.4.1/../../../../arm-none-eabi/lib/armv6-m\libg.a(lib_a-fini.o)
                              c:/program files (x86)/gnu tools arm embedded/5.4 2016q3/bin/../lib/gcc/arm-none-eabi/5.4.1/../../../../arm-none-eabi/lib/armv6-m\libg.a(lib_a-__call_atexit.o) (__libc_fini_array)
c:/program files (x86)/gnu tools arm embedded/5.4 2016q3/bin/../lib/gcc/arm-none-eabi/5.4.1/../../../../arm-none-eabi/lib/armv6-m\libg.a(lib_a-__atexit.o)
                              c:/program files (x86)/gnu tools arm embedded/5.4 2016q3/bin/../lib/gcc/arm-none-eabi/5.4.1/../../../../arm-none-eabi/lib/armv6-m\libg.a(lib_a-atexit.o) (__register_exitproc)

Allocating common symbols
Common symbol       size              file

pFlash              0x20              ..\obj\stm32f0xx_hal_flash.o

Discarded input sections

 .text          0x00000000        0x0 c:/program files (x86)/gnu tools arm embedded/5.4 2016q3/bin/../lib/gcc/arm-none-eabi/5.4.1/armv6-m/crti.o
 .data          0x00000000        0x0 c:/program files (x86)/gnu tools arm embedded/5.4 2016q3/bin/../lib/gcc/arm-none-eabi/5.4.1/armv6-m/crti.o
 .bss           0x00000000        0x0 c:/program files (x86)/gnu tools arm embedded/5.4 2016q3/bin/../lib/gcc/arm-none-eabi/5.4.1/armv6-m/crti.o
 .data          0x00000000        0x4 c:/program files (x86)/gnu tools arm embedded/5.4 2016q3/bin/../lib/gcc/arm-none-eabi/5.4.1/armv6-m/crtbegin.o
 .text          0x00000000       0x78 c:/program files (x86)/gnu tools arm embedded/5.4 2016q3/bin/../lib/gcc/arm-none-eabi/5.4.1/../../../../arm-none-eabi/lib/armv6-m/crt0.o
 .data          0x00000000        0x0 c:/program files (x86)/gnu tools arm embedded/5.4 2016q3/bin/../lib/gcc/arm-none-eabi/5.4.1/../../../../arm-none-eabi/lib/armv6-m/crt0.o
 .bss           0x00000000        0x0 c:/program files (x86)/gnu tools arm embedded/5.4 2016q3/bin/../lib/gcc/arm-none-eabi/5.4.1/../../../../arm-none-eabi/lib/armv6-m/crt0.o
 .ARM.extab     0x00000000        0x0 c:/program files (x86)/gnu tools arm embedded/5.4 2016q3/bin/../lib/gcc/arm-none-eabi/5.4.1/../../../../arm-none-eabi/lib/armv6-m/crt0.o
 .ARM.exidx     0x00000000        0x8 c:/program files (x86)/gnu tools arm embedded/5.4 2016q3/bin/../lib/gcc/arm-none-eabi/5.4.1/../../../../arm-none-eabi/lib/armv6-m/crt0.o
 .ARM.attributes
                0x00000000       0x1b c:/program files (x86)/gnu tools arm embedded/5.4 2016q3/bin/../lib/gcc/arm-none-eabi/5.4.1/../../../../arm-none-eabi/lib/armv6-m/crt0.o
 .text          0x00000000      0x1fc ..\obj\stm32f0xx_hal_pwr.o
 .data          0x00000000        0x0 ..\obj\stm32f0xx_hal_pwr.o
 .bss           0x00000000        0x0 ..\obj\stm32f0xx_hal_pwr.o
 .debug_info    0x00000000      0x43f ..\obj\stm32f0xx_hal_pwr.o
 .debug_abbrev  0x00000000      0x13c ..\obj\stm32f0xx_hal_pwr.o
 .debug_aranges
                0x00000000       0x20 ..\obj\stm32f0xx_hal_pwr.o
 .debug_line    0x00000000      0x275 ..\obj\stm32f0xx_hal_pwr.o
 .debug_str     0x00000000      0x38b ..\obj\stm32f0xx_hal_pwr.o
 .comment       0x00000000       0x6f ..\obj\stm32f0xx_hal_pwr.o
 .debug_frame   0x00000000      0x170 ..\obj\stm32f0xx_hal_pwr.o
 .ARM.attributes
                0x00000000       0x31 ..\obj\stm32f0xx_hal_pwr.o
 .text          0x00000000        0x0 ..\obj\stm32f0xx_hal_dac_ex.o
 .data          0x00000000        0x0 ..\obj\stm32f0xx_hal_dac_ex.o
 .bss           0x00000000        0x0 ..\obj\stm32f0xx_hal_dac_ex.o
 .debug_info    0x00000000       0x67 ..\obj\stm32f0xx_hal_dac_ex.o
 .debug_abbrev  0x00000000       0x24 ..\obj\stm32f0xx_hal_dac_ex.o
 .debug_aranges
                0x00000000       0x18 ..\obj\stm32f0xx_hal_dac_ex.o
 .debug_line    0x00000000       0x1d ..\obj\stm32f0xx_hal_dac_ex.o
 .debug_str     0x00000000      0x173 ..\obj\stm32f0xx_hal_dac_ex.o
 .comment       0x00000000       0x6f ..\obj\stm32f0xx_hal_dac_ex.o
 .ARM.attributes
                0x00000000       0x31 ..\obj\stm32f0xx_hal_dac_ex.o
 .text          0x00000000      0x1f8 ..\obj\stm32f0xx_hal.o
 .data          0x00000000        0x0 ..\obj\stm32f0xx_hal.o
 .bss           0x00000000        0x4 ..\obj\stm32f0xx_hal.o
 .debug_info    0x00000000      0x4e5 ..\obj\stm32f0xx_hal.o
 .debug_abbrev  0x00000000      0x19d ..\obj\stm32f0xx_hal.o
 .debug_aranges
                0x00000000       0x20 ..\obj\stm32f0xx_hal.o
 .debug_line    0x00000000      0x257 ..\obj\stm32f0xx_hal.o
 .debug_str     0x00000000      0x522 ..\obj\stm32f0xx_hal.o
 .comment       0x00000000       0x6f ..\obj\stm32f0xx_hal.o
 .debug_frame   0x00000000      0x1f4 ..\obj\stm32f0xx_hal.o
 .ARM.attributes
                0x00000000       0x31 ..\obj\stm32f0xx_hal.o
 .text          0x00000000        0x0 ..\obj\stm32f0xx_hal_pcd_ex.o
 .data          0x00000000        0x0 ..\obj\stm32f0xx_hal_pcd_ex.o
 .bss           0x00000000        0x0 ..\obj\stm32f0xx_hal_pcd_ex.o
 .debug_info    0x00000000       0x67 ..\obj\stm32f0xx_hal_pcd_ex.o
 .debug_abbrev  0x00000000       0x24 ..\obj\stm32f0xx_hal_pcd_ex.o
 .debug_aranges
                0x00000000       0x18 ..\obj\stm32f0xx_hal_pcd_ex.o
 .debug_line    0x00000000       0x1d ..\obj\stm32f0xx_hal_pcd_ex.o
 .debug_str     0x00000000      0x173 ..\obj\stm32f0xx_hal_pcd_ex.o
 .comment       0x00000000       0x6f ..\obj\stm32f0xx_hal_pcd_ex.o
 .ARM.attributes
                0x00000000       0x31 ..\obj\stm32f0xx_hal_pcd_ex.o
 .text          0x00000000      0xf5c ..\obj\stm32f0xx_hal_adc.o
 .data          0x00000000        0x0 ..\obj\stm32f0xx_hal_adc.o
 .bss           0x00000000        0x0 ..\obj\stm32f0xx_hal_adc.o
 .debug_info    0x00000000      0xbec ..\obj\stm32f0xx_hal_adc.o
 .debug_abbrev  0x00000000      0x1d7 ..\obj\stm32f0xx_hal_adc.o
 .debug_aranges
                0x00000000       0x20 ..\obj\stm32f0xx_hal_adc.o
 .debug_line    0x00000000      0x50b ..\obj\stm32f0xx_hal_adc.o
 .debug_str     0x00000000      0x98e ..\obj\stm32f0xx_hal_adc.o
 .comment       0x00000000       0x6f ..\obj\stm32f0xx_hal_adc.o
 .debug_frame   0x00000000      0x390 ..\obj\stm32f0xx_hal_adc.o
 .ARM.attributes
                0x00000000       0x31 ..\obj\stm32f0xx_hal_adc.o
 .text          0x00000000      0xbdc ..\obj\stm32f0xx_hal_rtc_ex.o
 .data          0x00000000        0x0 ..\obj\stm32f0xx_hal_rtc_ex.o
 .bss           0x00000000        0x0 ..\obj\stm32f0xx_hal_rtc_ex.o
 .debug_info    0x00000000      0x9c1 ..\obj\stm32f0xx_hal_rtc_ex.o
 .debug_abbrev  0x00000000      0x1a7 ..\obj\stm32f0xx_hal_rtc_ex.o
 .debug_aranges
                0x00000000       0x20 ..\obj\stm32f0xx_hal_rtc_ex.o
 .debug_line    0x00000000      0x567 ..\obj\stm32f0xx_hal_rtc_ex.o
 .debug_str     0x00000000      0x7b9 ..\obj\stm32f0xx_hal_rtc_ex.o
 .comment       0x00000000       0x6f ..\obj\stm32f0xx_hal_rtc_ex.o
 .debug_frame   0x00000000      0x2d0 ..\obj\stm32f0xx_hal_rtc_ex.o
 .ARM.attributes
                0x00000000       0x31 ..\obj\stm32f0xx_hal_rtc_ex.o
 .text          0x00000000        0x0 ..\obj\stm32f0xx_hal_pcd.o
 .data          0x00000000        0x0 ..\obj\stm32f0xx_hal_pcd.o
 .bss           0x00000000        0x0 ..\obj\stm32f0xx_hal_pcd.o
 .debug_info    0x00000000       0x67 ..\obj\stm32f0xx_hal_pcd.o
 .debug_abbrev  0x00000000       0x24 ..\obj\stm32f0xx_hal_pcd.o
 .debug_aranges
                0x00000000       0x18 ..\obj\stm32f0xx_hal_pcd.o
 .debug_line    0x00000000       0x1d ..\obj\stm32f0xx_hal_pcd.o
 .debug_str     0x00000000      0x170 ..\obj\stm32f0xx_hal_pcd.o
 .comment       0x00000000       0x6f ..\obj\stm32f0xx_hal_pcd.o
 .ARM.attributes
                0x00000000       0x31 ..\obj\stm32f0xx_hal_pcd.o
 .text          0x00000000     0x1714 ..\obj\stm32f0xx_hal_usart.o
 .data          0x00000000        0x0 ..\obj\stm32f0xx_hal_usart.o
 .bss           0x00000000        0x0 ..\obj\stm32f0xx_hal_usart.o
 .debug_info    0x00000000      0xecd ..\obj\stm32f0xx_hal_usart.o
 .debug_abbrev  0x00000000      0x217 ..\obj\stm32f0xx_hal_usart.o
 .debug_aranges
                0x00000000       0x20 ..\obj\stm32f0xx_hal_usart.o
 .debug_line    0x00000000      0x7b4 ..\obj\stm32f0xx_hal_usart.o
 .debug_str     0x00000000      0x9d6 ..\obj\stm32f0xx_hal_usart.o
 .comment       0x00000000       0x6f ..\obj\stm32f0xx_hal_usart.o
 .debug_frame   0x00000000      0x4b0 ..\obj\stm32f0xx_hal_usart.o
 .ARM.attributes
                0x00000000       0x31 ..\obj\stm32f0xx_hal_usart.o
 .text          0x00000000      0x5c4 ..\obj\stm32f0xx_hal_gpio.o
 .data          0x00000000        0x0 ..\obj\stm32f0xx_hal_gpio.o
 .bss           0x00000000        0x0 ..\obj\stm32f0xx_hal_gpio.o
 .debug_info    0x00000000      0x5a8 ..\obj\stm32f0xx_hal_gpio.o
 .debug_abbrev  0x00000000      0x1a8 ..\obj\stm32f0xx_hal_gpio.o
 .debug_aranges
                0x00000000       0x20 ..\obj\stm32f0xx_hal_gpio.o
 .debug_line    0x00000000      0x2d6 ..\obj\stm32f0xx_hal_gpio.o
 .debug_str     0x00000000      0x3cc ..\obj\stm32f0xx_hal_gpio.o
 .comment       0x00000000       0x6f ..\obj\stm32f0xx_hal_gpio.o
 .debug_frame   0x00000000      0x110 ..\obj\stm32f0xx_hal_gpio.o
 .ARM.attributes
                0x00000000       0x31 ..\obj\stm32f0xx_hal_gpio.o
 .text          0x00000000      0x2fc ..\obj\stm32f0xx_hal_uart_ex.o
 .data          0x00000000        0x0 ..\obj\stm32f0xx_hal_uart_ex.o
 .bss           0x00000000        0x0 ..\obj\stm32f0xx_hal_uart_ex.o
 .debug_info    0x00000000      0x67f ..\obj\stm32f0xx_hal_uart_ex.o
 .debug_abbrev  0x00000000      0x186 ..\obj\stm32f0xx_hal_uart_ex.o
 .debug_aranges
                0x00000000       0x20 ..\obj\stm32f0xx_hal_uart_ex.o
 .debug_line    0x00000000      0x25c ..\obj\stm32f0xx_hal_uart_ex.o
 .debug_str     0x00000000      0x6d8 ..\obj\stm32f0xx_hal_uart_ex.o
 .comment       0x00000000       0x6f ..\obj\stm32f0xx_hal_uart_ex.o
 .debug_frame   0x00000000       0x90 ..\obj\stm32f0xx_hal_uart_ex.o
 .ARM.attributes
                0x00000000       0x31 ..\obj\stm32f0xx_hal_uart_ex.o
 .text          0x00000000       0xcc ..\obj\stm32f0xx_hal_adc_ex.o
 .data          0x00000000        0x0 ..\obj\stm32f0xx_hal_adc_ex.o
 .bss           0x00000000        0x0 ..\obj\stm32f0xx_hal_adc_ex.o
 .debug_info    0x00000000      0x524 ..\obj\stm32f0xx_hal_adc_ex.o
 .debug_abbrev  0x00000000      0x103 ..\obj\stm32f0xx_hal_adc_ex.o
 .debug_aranges
                0x00000000       0x20 ..\obj\stm32f0xx_hal_adc_ex.o
 .debug_line    0x00000000      0x21d ..\obj\stm32f0xx_hal_adc_ex.o
 .debug_str     0x00000000      0x673 ..\obj\stm32f0xx_hal_adc_ex.o
 .comment       0x00000000       0x6f ..\obj\stm32f0xx_hal_adc_ex.o
 .debug_frame   0x00000000       0x30 ..\obj\stm32f0xx_hal_adc_ex.o
 .ARM.attributes
                0x00000000       0x31 ..\obj\stm32f0xx_hal_adc_ex.o
 .text          0x00000000      0x258 ..\obj\stm32f0xx_hal_iwdg.o
 .data          0x00000000        0x0 ..\obj\stm32f0xx_hal_iwdg.o
 .bss           0x00000000        0x0 ..\obj\stm32f0xx_hal_iwdg.o
 .debug_info    0x00000000      0x300 ..\obj\stm32f0xx_hal_iwdg.o
 .debug_abbrev  0x00000000      0x162 ..\obj\stm32f0xx_hal_iwdg.o
 .debug_aranges
                0x00000000       0x20 ..\obj\stm32f0xx_hal_iwdg.o
 .debug_line    0x00000000      0x24f ..\obj\stm32f0xx_hal_iwdg.o
 .debug_str     0x00000000      0x333 ..\obj\stm32f0xx_hal_iwdg.o
 .comment       0x00000000       0x6f ..\obj\stm32f0xx_hal_iwdg.o
 .debug_frame   0x00000000       0xb0 ..\obj\stm32f0xx_hal_iwdg.o
 .ARM.attributes
                0x00000000       0x31 ..\obj\stm32f0xx_hal_iwdg.o
 .text          0x00000000       0x84 ..\obj\stm32f0xx_hal_crc_ex.o
 .data          0x00000000        0x0 ..\obj\stm32f0xx_hal_crc_ex.o
 .bss           0x00000000        0x0 ..\obj\stm32f0xx_hal_crc_ex.o
 .debug_info    0x00000000      0x310 ..\obj\stm32f0xx_hal_crc_ex.o
 .debug_abbrev  0x00000000       0xcd ..\obj\stm32f0xx_hal_crc_ex.o
 .debug_aranges
                0x00000000       0x20 ..\obj\stm32f0xx_hal_crc_ex.o
 .debug_line    0x00000000      0x1cb ..\obj\stm32f0xx_hal_crc_ex.o
 .debug_str     0x00000000      0x3f4 ..\obj\stm32f0xx_hal_crc_ex.o
 .comment       0x00000000       0x6f ..\obj\stm32f0xx_hal_crc_ex.o
 .debug_frame   0x00000000       0x70 ..\obj\stm32f0xx_hal_crc_ex.o
 .ARM.attributes
                0x00000000       0x31 ..\obj\stm32f0xx_hal_crc_ex.o
 .text          0x00000000     0x1380 ..\obj\stm32f0xx_hal_tim_ex.o
 .data          0x00000000        0x0 ..\obj\stm32f0xx_hal_tim_ex.o
 .bss           0x00000000        0x0 ..\obj\stm32f0xx_hal_tim_ex.o
 .debug_info    0x00000000      0xe99 ..\obj\stm32f0xx_hal_tim_ex.o
 .debug_abbrev  0x00000000      0x1f9 ..\obj\stm32f0xx_hal_tim_ex.o
 .debug_aranges
                0x00000000       0x20 ..\obj\stm32f0xx_hal_tim_ex.o
 .debug_line    0x00000000      0x616 ..\obj\stm32f0xx_hal_tim_ex.o
 .debug_str     0x00000000      0xb3e ..\obj\stm32f0xx_hal_tim_ex.o
 .comment       0x00000000       0x6f ..\obj\stm32f0xx_hal_tim_ex.o
 .debug_frame   0x00000000      0x4b0 ..\obj\stm32f0xx_hal_tim_ex.o
 .ARM.attributes
                0x00000000       0x31 ..\obj\stm32f0xx_hal_tim_ex.o
 .text          0x00000000     0x3800 ..\obj\stm32f0xx_hal_i2c.o
 .data          0x00000000        0x0 ..\obj\stm32f0xx_hal_i2c.o
 .bss           0x00000000        0x0 ..\obj\stm32f0xx_hal_i2c.o
 .debug_info    0x00000000     0x13db ..\obj\stm32f0xx_hal_i2c.o
 .debug_abbrev  0x00000000      0x1c1 ..\obj\stm32f0xx_hal_i2c.o
 .debug_aranges
                0x00000000       0x20 ..\obj\stm32f0xx_hal_i2c.o
 .debug_line    0x00000000      0xc32 ..\obj\stm32f0xx_hal_i2c.o
 .debug_str     0x00000000      0xb17 ..\obj\stm32f0xx_hal_i2c.o
 .comment       0x00000000       0x6f ..\obj\stm32f0xx_hal_i2c.o
 .debug_frame   0x00000000      0x6b0 ..\obj\stm32f0xx_hal_i2c.o
 .ARM.attributes
                0x00000000       0x31 ..\obj\stm32f0xx_hal_i2c.o
 .text          0x00000000      0xe34 ..\obj\stm32f0xx_hal_rtc.o
 .data          0x00000000        0x0 ..\obj\stm32f0xx_hal_rtc.o
 .bss           0x00000000        0x0 ..\obj\stm32f0xx_hal_rtc.o
 .debug_info    0x00000000      0x9a5 ..\obj\stm32f0xx_hal_rtc.o
 .debug_abbrev  0x00000000      0x1a7 ..\obj\stm32f0xx_hal_rtc.o
 .debug_aranges
                0x00000000       0x20 ..\obj\stm32f0xx_hal_rtc.o
 .debug_line    0x00000000      0x41b ..\obj\stm32f0xx_hal_rtc.o
 .debug_str     0x00000000      0x62c ..\obj\stm32f0xx_hal_rtc.o
 .comment       0x00000000       0x6f ..\obj\stm32f0xx_hal_rtc.o
 .debug_frame   0x00000000      0x290 ..\obj\stm32f0xx_hal_rtc.o
 .ARM.attributes
                0x00000000       0x31 ..\obj\stm32f0xx_hal_rtc.o
 .data          0x00000000        0x0 ..\obj\main.o
 .bss           0x00000000        0x0 ..\obj\main.o
 .text          0x00000000        0x0 ..\obj\stm32f0xx_hal_comp.o
 .data          0x00000000        0x0 ..\obj\stm32f0xx_hal_comp.o
 .bss           0x00000000        0x0 ..\obj\stm32f0xx_hal_comp.o
 .debug_info    0x00000000       0x67 ..\obj\stm32f0xx_hal_comp.o
 .debug_abbrev  0x00000000       0x24 ..\obj\stm32f0xx_hal_comp.o
 .debug_aranges
                0x00000000       0x18 ..\obj\stm32f0xx_hal_comp.o
 .debug_line    0x00000000       0x1d ..\obj\stm32f0xx_hal_comp.o
 .debug_str     0x00000000      0x171 ..\obj\stm32f0xx_hal_comp.o
 .comment       0x00000000       0x6f ..\obj\stm32f0xx_hal_comp.o
 .ARM.attributes
                0x00000000       0x31 ..\obj\stm32f0xx_hal_comp.o
 .bss           0x00000000        0x0 ..\obj\system_stm32f0xx.o
 .text          0x00000000        0x0 ..\obj\stm32f0xx_hal_dac.o
 .data          0x00000000        0x0 ..\obj\stm32f0xx_hal_dac.o
 .bss           0x00000000        0x0 ..\obj\stm32f0xx_hal_dac.o
 .debug_info    0x00000000       0x67 ..\obj\stm32f0xx_hal_dac.o
 .debug_abbrev  0x00000000       0x24 ..\obj\stm32f0xx_hal_dac.o
 .debug_aranges
                0x00000000       0x18 ..\obj\stm32f0xx_hal_dac.o
 .debug_line    0x00000000       0x1d ..\obj\stm32f0xx_hal_dac.o
 .debug_str     0x00000000      0x170 ..\obj\stm32f0xx_hal_dac.o
 .comment       0x00000000       0x6f ..\obj\stm32f0xx_hal_dac.o
 .ARM.attributes
                0x00000000       0x31 ..\obj\stm32f0xx_hal_dac.o
 .text          0x00000000        0x0 ..\obj\stm32f0xx_hal_smartcard_ex.o
 .data          0x00000000        0x0 ..\obj\stm32f0xx_hal_smartcard_ex.o
 .bss           0x00000000        0x0 ..\obj\stm32f0xx_hal_smartcard_ex.o
 .debug_info    0x00000000       0x67 ..\obj\stm32f0xx_hal_smartcard_ex.o
 .debug_abbrev  0x00000000       0x24 ..\obj\stm32f0xx_hal_smartcard_ex.o
 .debug_aranges
                0x00000000       0x18 ..\obj\stm32f0xx_hal_smartcard_ex.o
 .debug_line    0x00000000       0x1d ..\obj\stm32f0xx_hal_smartcard_ex.o
 .debug_str     0x00000000      0x179 ..\obj\stm32f0xx_hal_smartcard_ex.o
 .comment       0x00000000       0x6f ..\obj\stm32f0xx_hal_smartcard_ex.o
 .ARM.attributes
                0x00000000       0x31 ..\obj\stm32f0xx_hal_smartcard_ex.o
 .text          0x00000000        0x0 ..\obj\stm32f0xx_hal_can.o
 .data          0x00000000        0x0 ..\obj\stm32f0xx_hal_can.o
 .bss           0x00000000        0x0 ..\obj\stm32f0xx_hal_can.o
 .debug_info    0x00000000       0x67 ..\obj\stm32f0xx_hal_can.o
 .debug_abbrev  0x00000000       0x24 ..\obj\stm32f0xx_hal_can.o
 .debug_aranges
                0x00000000       0x18 ..\obj\stm32f0xx_hal_can.o
 .debug_line    0x00000000       0x1d ..\obj\stm32f0xx_hal_can.o
 .debug_str     0x00000000      0x170 ..\obj\stm32f0xx_hal_can.o
 .comment       0x00000000       0x6f ..\obj\stm32f0xx_hal_can.o
 .ARM.attributes
                0x00000000       0x31 ..\obj\stm32f0xx_hal_can.o
 .text          0x00000000        0x0 ..\obj\stm32f0xx_hal_pwr_ex.o
 .data          0x00000000        0x0 ..\obj\stm32f0xx_hal_pwr_ex.o
 .bss           0x00000000        0x0 ..\obj\stm32f0xx_hal_pwr_ex.o
 .debug_info    0x00000000       0x67 ..\obj\stm32f0xx_hal_pwr_ex.o
 .debug_abbrev  0x00000000       0x24 ..\obj\stm32f0xx_hal_pwr_ex.o
 .debug_aranges
                0x00000000       0x18 ..\obj\stm32f0xx_hal_pwr_ex.o
 .debug_line    0x00000000       0x1d ..\obj\stm32f0xx_hal_pwr_ex.o
 .debug_str     0x00000000      0x173 ..\obj\stm32f0xx_hal_pwr_ex.o
 .comment       0x00000000       0x6f ..\obj\stm32f0xx_hal_pwr_ex.o
 .ARM.attributes
                0x00000000       0x31 ..\obj\stm32f0xx_hal_pwr_ex.o
 .text          0x00000000      0x74c ..\obj\stm32f0xx_hal_flash_ex.o
 .data          0x00000000        0x0 ..\obj\stm32f0xx_hal_flash_ex.o
 .bss           0x00000000        0x0 ..\obj\stm32f0xx_hal_flash_ex.o
 .debug_info    0x00000000      0x698 ..\obj\stm32f0xx_hal_flash_ex.o
 .debug_abbrev  0x00000000      0x192 ..\obj\stm32f0xx_hal_flash_ex.o
 .debug_aranges
                0x00000000       0x20 ..\obj\stm32f0xx_hal_flash_ex.o
 .debug_line    0x00000000      0x2d6 ..\obj\stm32f0xx_hal_flash_ex.o
 .debug_str     0x00000000      0x5b8 ..\obj\stm32f0xx_hal_flash_ex.o
 .comment       0x00000000       0x6f ..\obj\stm32f0xx_hal_flash_ex.o
 .debug_frame   0x00000000      0x1c4 ..\obj\stm32f0xx_hal_flash_ex.o
 .ARM.attributes
                0x00000000       0x31 ..\obj\stm32f0xx_hal_flash_ex.o
 .text          0x00000000     0x3ea0 ..\obj\stm32f0xx_hal_tim.o
 .data          0x00000000        0x0 ..\obj\stm32f0xx_hal_tim.o
 .bss           0x00000000        0x0 ..\obj\stm32f0xx_hal_tim.o
 .debug_info    0x00000000     0x20c3 ..\obj\stm32f0xx_hal_tim.o
 .debug_abbrev  0x00000000      0x21c ..\obj\stm32f0xx_hal_tim.o
 .debug_aranges
                0x00000000       0x20 ..\obj\stm32f0xx_hal_tim.o
 .debug_line    0x00000000      0xece ..\obj\stm32f0xx_hal_tim.o
 .debug_str     0x00000000     0x1295 ..\obj\stm32f0xx_hal_tim.o
 .comment       0x00000000       0x6f ..\obj\stm32f0xx_hal_tim.o
 .debug_frame   0x00000000      0xd50 ..\obj\stm32f0xx_hal_tim.o
 .ARM.attributes
                0x00000000       0x31 ..\obj\stm32f0xx_hal_tim.o
 .text          0x00000000        0x0 ..\obj\stm32f0xx_hal_i2s.o
 .data          0x00000000        0x0 ..\obj\stm32f0xx_hal_i2s.o
 .bss           0x00000000        0x0 ..\obj\stm32f0xx_hal_i2s.o
 .debug_info    0x00000000       0x67 ..\obj\stm32f0xx_hal_i2s.o
 .debug_abbrev  0x00000000       0x24 ..\obj\stm32f0xx_hal_i2s.o
 .debug_aranges
                0x00000000       0x18 ..\obj\stm32f0xx_hal_i2s.o
 .debug_line    0x00000000       0x1d ..\obj\stm32f0xx_hal_i2s.o
 .debug_str     0x00000000      0x170 ..\obj\stm32f0xx_hal_i2s.o
 .comment       0x00000000       0x6f ..\obj\stm32f0xx_hal_i2s.o
 .ARM.attributes
                0x00000000       0x31 ..\obj\stm32f0xx_hal_i2s.o
 .text          0x00000000      0x9e4 ..\obj\stm32f0xx_hal_rcc_ex.o
 .data          0x00000000        0x0 ..\obj\stm32f0xx_hal_rcc_ex.o
 .bss           0x00000000        0x0 ..\obj\stm32f0xx_hal_rcc_ex.o
 .rodata        0x00000000       0x20 ..\obj\stm32f0xx_hal_rcc_ex.o
 .debug_info    0x00000000      0x55d ..\obj\stm32f0xx_hal_rcc_ex.o
 .debug_abbrev  0x00000000      0x181 ..\obj\stm32f0xx_hal_rcc_ex.o
 .debug_aranges
                0x00000000       0x20 ..\obj\stm32f0xx_hal_rcc_ex.o
 .debug_line    0x00000000      0x346 ..\obj\stm32f0xx_hal_rcc_ex.o
 .debug_str     0x00000000      0x4cf ..\obj\stm32f0xx_hal_rcc_ex.o
 .comment       0x00000000       0x6f ..\obj\stm32f0xx_hal_rcc_ex.o
 .debug_frame   0x00000000       0xb0 ..\obj\stm32f0xx_hal_rcc_ex.o
 .ARM.attributes
                0x00000000       0x31 ..\obj\stm32f0xx_hal_rcc_ex.o
 .text          0x00000000     0x1744 ..\obj\stm32f0xx_hal_smbus.o
 .data          0x00000000        0x0 ..\obj\stm32f0xx_hal_smbus.o
 .bss           0x00000000        0x0 ..\obj\stm32f0xx_hal_smbus.o
 .debug_info    0x00000000      0xa43 ..\obj\stm32f0xx_hal_smbus.o
 .debug_abbrev  0x00000000      0x1b9 ..\obj\stm32f0xx_hal_smbus.o
 .debug_aranges
                0x00000000       0x20 ..\obj\stm32f0xx_hal_smbus.o
 .debug_line    0x00000000      0x63b ..\obj\stm32f0xx_hal_smbus.o
 .debug_str     0x00000000      0x71e ..\obj\stm32f0xx_hal_smbus.o
 .comment       0x00000000       0x6f ..\obj\stm32f0xx_hal_smbus.o
 .debug_frame   0x00000000      0x3f0 ..\obj\stm32f0xx_hal_smbus.o
 .ARM.attributes
                0x00000000       0x31 ..\obj\stm32f0xx_hal_smbus.o
 .text          0x00000000        0x0 ..\obj\stm32f0xx_hal_irda.o
 .data          0x00000000        0x0 ..\obj\stm32f0xx_hal_irda.o
 .bss           0x00000000        0x0 ..\obj\stm32f0xx_hal_irda.o
 .debug_info    0x00000000       0x67 ..\obj\stm32f0xx_hal_irda.o
 .debug_abbrev  0x00000000       0x24 ..\obj\stm32f0xx_hal_irda.o
 .debug_aranges
                0x00000000       0x18 ..\obj\stm32f0xx_hal_irda.o
 .debug_line    0x00000000       0x1d ..\obj\stm32f0xx_hal_irda.o
 .debug_str     0x00000000      0x171 ..\obj\stm32f0xx_hal_irda.o
 .comment       0x00000000       0x6f ..\obj\stm32f0xx_hal_irda.o
 .ARM.attributes
                0x00000000       0x31 ..\obj\stm32f0xx_hal_irda.o
 .text          0x00000000      0x228 ..\obj\stm32f0xx_hal_wwdg.o
 .data          0x00000000        0x0 ..\obj\stm32f0xx_hal_wwdg.o
 .bss           0x00000000        0x0 ..\obj\stm32f0xx_hal_wwdg.o
 .debug_info    0x00000000      0x38c ..\obj\stm32f0xx_hal_wwdg.o
 .debug_abbrev  0x00000000      0x169 ..\obj\stm32f0xx_hal_wwdg.o
 .debug_aranges
                0x00000000       0x20 ..\obj\stm32f0xx_hal_wwdg.o
 .debug_line    0x00000000      0x271 ..\obj\stm32f0xx_hal_wwdg.o
 .debug_str     0x00000000      0x386 ..\obj\stm32f0xx_hal_wwdg.o
 .comment       0x00000000       0x6f ..\obj\stm32f0xx_hal_wwdg.o
 .debug_frame   0x00000000      0x150 ..\obj\stm32f0xx_hal_wwdg.o
 .ARM.attributes
                0x00000000       0x31 ..\obj\stm32f0xx_hal_wwdg.o
 .text          0x00000000      0x5c8 ..\obj\stm32f0xx_hal_flash.o
 .data          0x00000000        0x0 ..\obj\stm32f0xx_hal_flash.o
 .bss           0x00000000        0x0 ..\obj\stm32f0xx_hal_flash.o
 .debug_info    0x00000000      0x4ca ..\obj\stm32f0xx_hal_flash.o
 .debug_abbrev  0x00000000      0x1a3 ..\obj\stm32f0xx_hal_flash.o
 .debug_aranges
                0x00000000       0x20 ..\obj\stm32f0xx_hal_flash.o
 .debug_line    0x00000000      0x2c2 ..\obj\stm32f0xx_hal_flash.o
 .debug_str     0x00000000      0x4e1 ..\obj\stm32f0xx_hal_flash.o
 .comment       0x00000000       0x6f ..\obj\stm32f0xx_hal_flash.o
 .debug_frame   0x00000000      0x1dc ..\obj\stm32f0xx_hal_flash.o
 .ARM.attributes
                0x00000000       0x31 ..\obj\stm32f0xx_hal_flash.o
 COMMON         0x00000000       0x20 ..\obj\stm32f0xx_hal_flash.o
 .text          0x00000000      0x3f8 ..\obj\stm32f0xx_hal_crc.o
 .data          0x00000000        0x0 ..\obj\stm32f0xx_hal_crc.o
 .bss           0x00000000        0x0 ..\obj\stm32f0xx_hal_crc.o
 .debug_info    0x00000000      0x4ca ..\obj\stm32f0xx_hal_crc.o
 .debug_abbrev  0x00000000      0x14c ..\obj\stm32f0xx_hal_crc.o
 .debug_aranges
                0x00000000       0x20 ..\obj\stm32f0xx_hal_crc.o
 .debug_line    0x00000000      0x29b ..\obj\stm32f0xx_hal_crc.o
 .debug_str     0x00000000      0x433 ..\obj\stm32f0xx_hal_crc.o
 .comment       0x00000000       0x6f ..\obj\stm32f0xx_hal_crc.o
 .debug_frame   0x00000000      0x130 ..\obj\stm32f0xx_hal_crc.o
 .ARM.attributes
                0x00000000       0x31 ..\obj\stm32f0xx_hal_crc.o
 .text          0x00000000      0x194 ..\obj\stm32f0xx_hal_i2c_ex.o
 .data          0x00000000        0x0 ..\obj\stm32f0xx_hal_i2c_ex.o
 .bss           0x00000000        0x0 ..\obj\stm32f0xx_hal_i2c_ex.o
 .debug_info    0x00000000      0x52c ..\obj\stm32f0xx_hal_i2c_ex.o
 .debug_abbrev  0x00000000      0x13a ..\obj\stm32f0xx_hal_i2c_ex.o
 .debug_aranges
                0x00000000       0x20 ..\obj\stm32f0xx_hal_i2c_ex.o
 .debug_line    0x00000000      0x274 ..\obj\stm32f0xx_hal_i2c_ex.o
 .debug_str     0x00000000      0x61d ..\obj\stm32f0xx_hal_i2c_ex.o
 .comment       0x00000000       0x6f ..\obj\stm32f0xx_hal_i2c_ex.o
 .debug_frame   0x00000000       0x50 ..\obj\stm32f0xx_hal_i2c_ex.o
 .ARM.attributes
                0x00000000       0x31 ..\obj\stm32f0xx_hal_i2c_ex.o
 .text          0x00000000     0x15d8 ..\obj\stm32f0xx_hal_uart.o
 .data          0x00000000        0x0 ..\obj\stm32f0xx_hal_uart.o
 .bss           0x00000000        0x0 ..\obj\stm32f0xx_hal_uart.o
 .debug_info    0x00000000      0xeec ..\obj\stm32f0xx_hal_uart.o
 .debug_abbrev  0x00000000      0x19e ..\obj\stm32f0xx_hal_uart.o
 .debug_aranges
                0x00000000       0x20 ..\obj\stm32f0xx_hal_uart.o
 .debug_line    0x00000000      0x64d ..\obj\stm32f0xx_hal_uart.o
 .debug_str     0x00000000      0xab4 ..\obj\stm32f0xx_hal_uart.o
 .comment       0x00000000       0x6f ..\obj\stm32f0xx_hal_uart.o
 .debug_frame   0x00000000      0x4d0 ..\obj\stm32f0xx_hal_uart.o
 .ARM.attributes
                0x00000000       0x31 ..\obj\stm32f0xx_hal_uart.o
 .text          0x00000000        0x0 ..\obj\stm32f0xx_hal_cec.o
 .data          0x00000000        0x0 ..\obj\stm32f0xx_hal_cec.o
 .bss           0x00000000        0x0 ..\obj\stm32f0xx_hal_cec.o
 .debug_info    0x00000000       0x67 ..\obj\stm32f0xx_hal_cec.o
 .debug_abbrev  0x00000000       0x24 ..\obj\stm32f0xx_hal_cec.o
 .debug_aranges
                0x00000000       0x18 ..\obj\stm32f0xx_hal_cec.o
 .debug_line    0x00000000       0x1d ..\obj\stm32f0xx_hal_cec.o
 .debug_str     0x00000000      0x170 ..\obj\stm32f0xx_hal_cec.o
 .comment       0x00000000       0x6f ..\obj\stm32f0xx_hal_cec.o
 .ARM.attributes
                0x00000000       0x31 ..\obj\stm32f0xx_hal_cec.o
 .text          0x00000000        0x0 ..\obj\stm32f0xx_hal_tsc.o
 .data          0x00000000        0x0 ..\obj\stm32f0xx_hal_tsc.o
 .bss           0x00000000        0x0 ..\obj\stm32f0xx_hal_tsc.o
 .debug_info    0x00000000       0x67 ..\obj\stm32f0xx_hal_tsc.o
 .debug_abbrev  0x00000000       0x24 ..\obj\stm32f0xx_hal_tsc.o
 .debug_aranges
                0x00000000       0x18 ..\obj\stm32f0xx_hal_tsc.o
 .debug_line    0x00000000       0x1d ..\obj\stm32f0xx_hal_tsc.o
 .debug_str     0x00000000      0x170 ..\obj\stm32f0xx_hal_tsc.o
 .comment       0x00000000       0x6f ..\obj\stm32f0xx_hal_tsc.o
 .ARM.attributes
                0x00000000       0x31 ..\obj\stm32f0xx_hal_tsc.o
 .text          0x00000000       0x14 ..\obj\startup_stm32f030x8.o
 .data          0x00000000        0x0 ..\obj\startup_stm32f030x8.o
 .bss           0x00000000        0x0 ..\obj\startup_stm32f030x8.o
 .text          0x00000000      0x93c ..\obj\stm32f0xx_hal_dma.o
 .data          0x00000000        0x0 ..\obj\stm32f0xx_hal_dma.o
 .bss           0x00000000        0x0 ..\obj\stm32f0xx_hal_dma.o
 .debug_info    0x00000000      0x541 ..\obj\stm32f0xx_hal_dma.o
 .debug_abbrev  0x00000000      0x177 ..\obj\stm32f0xx_hal_dma.o
 .debug_aranges
                0x00000000       0x20 ..\obj\stm32f0xx_hal_dma.o
 .debug_line    0x00000000      0x5df ..\obj\stm32f0xx_hal_dma.o
 .debug_str     0x00000000      0x4b3 ..\obj\stm32f0xx_hal_dma.o
 .comment       0x00000000       0x6f ..\obj\stm32f0xx_hal_dma.o
 .debug_frame   0x00000000      0x150 ..\obj\stm32f0xx_hal_dma.o
 .ARM.attributes
                0x00000000       0x31 ..\obj\stm32f0xx_hal_dma.o
 .text          0x00000000     0x2774 ..\obj\stm32f0xx_hal_spi.o
 .data          0x00000000        0x0 ..\obj\stm32f0xx_hal_spi.o
 .bss           0x00000000        0x0 ..\obj\stm32f0xx_hal_spi.o
 .debug_info    0x00000000     0x1252 ..\obj\stm32f0xx_hal_spi.o
 .debug_abbrev  0x00000000      0x21c ..\obj\stm32f0xx_hal_spi.o
 .debug_aranges
                0x00000000       0x20 ..\obj\stm32f0xx_hal_spi.o
 .debug_line    0x00000000      0x859 ..\obj\stm32f0xx_hal_spi.o
 .debug_str     0x00000000      0xa4a ..\obj\stm32f0xx_hal_spi.o
 .comment       0x00000000       0x6f ..\obj\stm32f0xx_hal_spi.o
 .debug_frame   0x00000000      0x690 ..\obj\stm32f0xx_hal_spi.o
 .ARM.attributes
                0x00000000       0x31 ..\obj\stm32f0xx_hal_spi.o
 .text          0x00000000        0x0 ..\obj\stm32f0xx_hal_smartcard.o
 .data          0x00000000        0x0 ..\obj\stm32f0xx_hal_smartcard.o
 .bss           0x00000000        0x0 ..\obj\stm32f0xx_hal_smartcard.o
 .debug_info    0x00000000       0x67 ..\obj\stm32f0xx_hal_smartcard.o
 .debug_abbrev  0x00000000       0x24 ..\obj\stm32f0xx_hal_smartcard.o
 .debug_aranges
                0x00000000       0x18 ..\obj\stm32f0xx_hal_smartcard.o
 .debug_line    0x00000000       0x1d ..\obj\stm32f0xx_hal_smartcard.o
 .debug_str     0x00000000      0x176 ..\obj\stm32f0xx_hal_smartcard.o
 .comment       0x00000000       0x6f ..\obj\stm32f0xx_hal_smartcard.o
 .ARM.attributes
                0x00000000       0x31 ..\obj\stm32f0xx_hal_smartcard.o
 .text          0x00000000      0x42c ..\obj\stm32f0xx_hal_cortex.o
 .data          0x00000000        0x0 ..\obj\stm32f0xx_hal_cortex.o
 .bss           0x00000000        0x0 ..\obj\stm32f0xx_hal_cortex.o
 .debug_info    0x00000000      0x66e ..\obj\stm32f0xx_hal_cortex.o
 .debug_abbrev  0x00000000      0x22f ..\obj\stm32f0xx_hal_cortex.o
 .debug_aranges
                0x00000000       0x20 ..\obj\stm32f0xx_hal_cortex.o
 .debug_line    0x00000000      0x2ac ..\obj\stm32f0xx_hal_cortex.o
 .debug_str     0x00000000      0x596 ..\obj\stm32f0xx_hal_cortex.o
 .comment       0x00000000       0x6f ..\obj\stm32f0xx_hal_cortex.o
 .debug_frame   0x00000000      0x2a4 ..\obj\stm32f0xx_hal_cortex.o
 .ARM.attributes
                0x00000000       0x31 ..\obj\stm32f0xx_hal_cortex.o
 .text          0x00000000      0x354 ..\obj\stm32f0xx_hal_rcc.o
 .data          0x00000000        0x0 ..\obj\stm32f0xx_hal_rcc.o
 .bss           0x00000000        0x0 ..\obj\stm32f0xx_hal_rcc.o
 .rodata        0x00000000       0x10 ..\obj\stm32f0xx_hal_rcc.o
 .debug_info    0x00000000      0x631 ..\obj\stm32f0xx_hal_rcc.o
 .debug_abbrev  0x00000000      0x1e5 ..\obj\stm32f0xx_hal_rcc.o
 .debug_aranges
                0x00000000       0x20 ..\obj\stm32f0xx_hal_rcc.o
 .debug_line    0x00000000      0x24c ..\obj\stm32f0xx_hal_rcc.o
 .debug_str     0x00000000      0x53f ..\obj\stm32f0xx_hal_rcc.o
 .comment       0x00000000       0x6f ..\obj\stm32f0xx_hal_rcc.o
 .debug_frame   0x00000000      0x190 ..\obj\stm32f0xx_hal_rcc.o
 .ARM.attributes
                0x00000000       0x31 ..\obj\stm32f0xx_hal_rcc.o
 .data          0x00000000        0x0 c:/program files (x86)/gnu tools arm embedded/5.4 2016q3/bin/../lib/gcc/arm-none-eabi/5.4.1/armv6-m\libgcc.a(_udivsi3.o)
 .bss           0x00000000        0x0 c:/program files (x86)/gnu tools arm embedded/5.4 2016q3/bin/../lib/gcc/arm-none-eabi/5.4.1/armv6-m\libgcc.a(_udivsi3.o)
 .data          0x00000000        0x0 c:/program files (x86)/gnu tools arm embedded/5.4 2016q3/bin/../lib/gcc/arm-none-eabi/5.4.1/armv6-m\libgcc.a(_dvmd_tls.o)
 .bss           0x00000000        0x0 c:/program files (x86)/gnu tools arm embedded/5.4 2016q3/bin/../lib/gcc/arm-none-eabi/5.4.1/armv6-m\libgcc.a(_dvmd_tls.o)
 .text          0x00000000        0x0 c:/program files (x86)/gnu tools arm embedded/5.4 2016q3/bin/../lib/gcc/arm-none-eabi/5.4.1/../../../../arm-none-eabi/lib/armv6-m\libg.a(lib_a-exit.o)
 .data          0x00000000        0x0 c:/program files (x86)/gnu tools arm embedded/5.4 2016q3/bin/../lib/gcc/arm-none-eabi/5.4.1/../../../../arm-none-eabi/lib/armv6-m\libg.a(lib_a-exit.o)
 .bss           0x00000000        0x0 c:/program files (x86)/gnu tools arm embedded/5.4 2016q3/bin/../lib/gcc/arm-none-eabi/5.4.1/../../../../arm-none-eabi/lib/armv6-m\libg.a(lib_a-exit.o)
 .text.exit     0x00000000       0x20 c:/program files (x86)/gnu tools arm embedded/5.4 2016q3/bin/../lib/gcc/arm-none-eabi/5.4.1/../../../../arm-none-eabi/lib/armv6-m\libg.a(lib_a-exit.o)
 .debug_frame   0x00000000       0x28 c:/program files (x86)/gnu tools arm embedded/5.4 2016q3/bin/../lib/gcc/arm-none-eabi/5.4.1/../../../../arm-none-eabi/lib/armv6-m\libg.a(lib_a-exit.o)
 .ARM.attributes
                0x00000000       0x2c c:/program files (x86)/gnu tools arm embedded/5.4 2016q3/bin/../lib/gcc/arm-none-eabi/5.4.1/../../../../arm-none-eabi/lib/armv6-m\libg.a(lib_a-exit.o)
 .text          0x00000000        0x0 c:/program files (x86)/gnu tools arm embedded/5.4 2016q3/bin/../lib/gcc/arm-none-eabi/5.4.1/../../../../arm-none-eabi/lib/armv6-m\libg.a(lib_a-impure.o)
 .data          0x00000000        0x0 c:/program files (x86)/gnu tools arm embedded/5.4 2016q3/bin/../lib/gcc/arm-none-eabi/5.4.1/../../../../arm-none-eabi/lib/armv6-m\libg.a(lib_a-impure.o)
 .bss           0x00000000        0x0 c:/program files (x86)/gnu tools arm embedded/5.4 2016q3/bin/../lib/gcc/arm-none-eabi/5.4.1/../../../../arm-none-eabi/lib/armv6-m\libg.a(lib_a-impure.o)
 .data._impure_ptr
                0x00000000        0x4 c:/program files (x86)/gnu tools arm embedded/5.4 2016q3/bin/../lib/gcc/arm-none-eabi/5.4.1/../../../../arm-none-eabi/lib/armv6-m\libg.a(lib_a-impure.o)
 .text          0x00000000        0x0 c:/program files (x86)/gnu tools arm embedded/5.4 2016q3/bin/../lib/gcc/arm-none-eabi/5.4.1/../../../../arm-none-eabi/lib/armv6-m\libg.a(lib_a-init.o)
 .data          0x00000000        0x0 c:/program files (x86)/gnu tools arm embedded/5.4 2016q3/bin/../lib/gcc/arm-none-eabi/5.4.1/../../../../arm-none-eabi/lib/armv6-m\libg.a(lib_a-init.o)
 .bss           0x00000000        0x0 c:/program files (x86)/gnu tools arm embedded/5.4 2016q3/bin/../lib/gcc/arm-none-eabi/5.4.1/../../../../arm-none-eabi/lib/armv6-m\libg.a(lib_a-init.o)
 .text          0x00000000        0x0 c:/program files (x86)/gnu tools arm embedded/5.4 2016q3/bin/../lib/gcc/arm-none-eabi/5.4.1/../../../../arm-none-eabi/lib/armv6-m\libg.a(lib_a-memset.o)
 .data          0x00000000        0x0 c:/program files (x86)/gnu tools arm embedded/5.4 2016q3/bin/../lib/gcc/arm-none-eabi/5.4.1/../../../../arm-none-eabi/lib/armv6-m\libg.a(lib_a-memset.o)
 .bss           0x00000000        0x0 c:/program files (x86)/gnu tools arm embedded/5.4 2016q3/bin/../lib/gcc/arm-none-eabi/5.4.1/../../../../arm-none-eabi/lib/armv6-m\libg.a(lib_a-memset.o)
 .text.memset   0x00000000       0x8c c:/program files (x86)/gnu tools arm embedded/5.4 2016q3/bin/../lib/gcc/arm-none-eabi/5.4.1/../../../../arm-none-eabi/lib/armv6-m\libg.a(lib_a-memset.o)
 .debug_frame   0x00000000       0x2c c:/program files (x86)/gnu tools arm embedded/5.4 2016q3/bin/../lib/gcc/arm-none-eabi/5.4.1/../../../../arm-none-eabi/lib/armv6-m\libg.a(lib_a-memset.o)
 .ARM.attributes
                0x00000000       0x2c c:/program files (x86)/gnu tools arm embedded/5.4 2016q3/bin/../lib/gcc/arm-none-eabi/5.4.1/../../../../arm-none-eabi/lib/armv6-m\libg.a(lib_a-memset.o)
 .text          0x00000000        0x0 c:/program files (x86)/gnu tools arm embedded/5.4 2016q3/bin/../lib/gcc/arm-none-eabi/5.4.1/../../../../arm-none-eabi/lib/armv6-m\libg.a(lib_a-__call_atexit.o)
 .data          0x00000000        0x0 c:/program files (x86)/gnu tools arm embedded/5.4 2016q3/bin/../lib/gcc/arm-none-eabi/5.4.1/../../../../arm-none-eabi/lib/armv6-m\libg.a(lib_a-__call_atexit.o)
 .bss           0x00000000        0x0 c:/program files (x86)/gnu tools arm embedded/5.4 2016q3/bin/../lib/gcc/arm-none-eabi/5.4.1/../../../../arm-none-eabi/lib/armv6-m\libg.a(lib_a-__call_atexit.o)
 .text.__call_exitprocs
                0x00000000       0xfc c:/program files (x86)/gnu tools arm embedded/5.4 2016q3/bin/../lib/gcc/arm-none-eabi/5.4.1/../../../../arm-none-eabi/lib/armv6-m\libg.a(lib_a-__call_atexit.o)
 .text          0x00000000        0x0 c:/program files (x86)/gnu tools arm embedded/5.4 2016q3/bin/../lib/gcc/arm-none-eabi/5.4.1/../../../../arm-none-eabi/lib/armv6-m\libg.a(lib_a-atexit.o)
 .data          0x00000000        0x0 c:/program files (x86)/gnu tools arm embedded/5.4 2016q3/bin/../lib/gcc/arm-none-eabi/5.4.1/../../../../arm-none-eabi/lib/armv6-m\libg.a(lib_a-atexit.o)
 .bss           0x00000000        0x0 c:/program files (x86)/gnu tools arm embedded/5.4 2016q3/bin/../lib/gcc/arm-none-eabi/5.4.1/../../../../arm-none-eabi/lib/armv6-m\libg.a(lib_a-atexit.o)
 .text          0x00000000        0x0 c:/program files (x86)/gnu tools arm embedded/5.4 2016q3/bin/../lib/gcc/arm-none-eabi/5.4.1/../../../../arm-none-eabi/lib/armv6-m\libg.a(lib_a-fini.o)
 .data          0x00000000        0x0 c:/program files (x86)/gnu tools arm embedded/5.4 2016q3/bin/../lib/gcc/arm-none-eabi/5.4.1/../../../../arm-none-eabi/lib/armv6-m\libg.a(lib_a-fini.o)
 .bss           0x00000000        0x0 c:/program files (x86)/gnu tools arm embedded/5.4 2016q3/bin/../lib/gcc/arm-none-eabi/5.4.1/../../../../arm-none-eabi/lib/armv6-m\libg.a(lib_a-fini.o)
 .text          0x00000000        0x0 c:/program files (x86)/gnu tools arm embedded/5.4 2016q3/bin/../lib/gcc/arm-none-eabi/5.4.1/../../../../arm-none-eabi/lib/armv6-m\libg.a(lib_a-__atexit.o)
 .data          0x00000000        0x0 c:/program files (x86)/gnu tools arm embedded/5.4 2016q3/bin/../lib/gcc/arm-none-eabi/5.4.1/../../../../arm-none-eabi/lib/armv6-m\libg.a(lib_a-__atexit.o)
 .bss           0x00000000        0x0 c:/program files (x86)/gnu tools arm embedded/5.4 2016q3/bin/../lib/gcc/arm-none-eabi/5.4.1/../../../../arm-none-eabi/lib/armv6-m\libg.a(lib_a-__atexit.o)
 .text          0x00000000        0x0 c:/program files (x86)/gnu tools arm embedded/5.4 2016q3/bin/../lib/gcc/arm-none-eabi/5.4.1/armv6-m/crtend.o
 .data          0x00000000        0x0 c:/program files (x86)/gnu tools arm embedded/5.4 2016q3/bin/../lib/gcc/arm-none-eabi/5.4.1/armv6-m/crtend.o
 .bss           0x00000000        0x0 c:/program files (x86)/gnu tools arm embedded/5.4 2016q3/bin/../lib/gcc/arm-none-eabi/5.4.1/armv6-m/crtend.o
 .eh_frame      0x00000000        0x4 c:/program files (x86)/gnu tools arm embedded/5.4 2016q3/bin/../lib/gcc/arm-none-eabi/5.4.1/armv6-m/crtend.o
 .text          0x00000000        0x0 c:/program files (x86)/gnu tools arm embedded/5.4 2016q3/bin/../lib/gcc/arm-none-eabi/5.4.1/armv6-m/crtn.o
 .data          0x00000000        0x0 c:/program files (x86)/gnu tools arm embedded/5.4 2016q3/bin/../lib/gcc/arm-none-eabi/5.4.1/armv6-m/crtn.o
 .bss           0x00000000        0x0 c:/program files (x86)/gnu tools arm embedded/5.4 2016q3/bin/../lib/gcc/arm-none-eabi/5.4.1/armv6-m/crtn.o

Memory Configuration

Name             Origin             Length             Attributes
rom              0x08000000         0x00010000         xr
ram              0x20000000         0x00002000         xrw
*default*        0x00000000         0xffffffff

Linker script and memory map

LOAD c:/program files (x86)/gnu tools arm embedded/5.4 2016q3/bin/../lib/gcc/arm-none-eabi/5.4.1/armv6-m/crti.o
LOAD c:/program files (x86)/gnu tools arm embedded/5.4 2016q3/bin/../lib/gcc/arm-none-eabi/5.4.1/armv6-m/crtbegin.o
LOAD c:/program files (x86)/gnu tools arm embedded/5.4 2016q3/bin/../lib/gcc/arm-none-eabi/5.4.1/../../../../arm-none-eabi/lib/armv6-m/crt0.o
                0x20002000                _eram = 0x20002000

.text           0x08000000      0x628
 *(.isr_vector)
 .isr_vector    0x08000000       0xc0 ..\obj\startup_stm32f030x8.o
                0x08000000                g_pfnVectors
 *(.text*)
 .text          0x080000c0       0x60 c:/program files (x86)/gnu tools arm embedded/5.4 2016q3/bin/../lib/gcc/arm-none-eabi/5.4.1/armv6-m/crtbegin.o
 .text          0x08000120       0xa8 ..\obj\main.o
                0x08000120                PortC_Init
                0x080001a0                main
 .text          0x080001c8      0x160 ..\obj\system_stm32f0xx.o
                0x080001c8                SystemInit
                0x08000250                SystemCoreClockUpdate
 .text.Reset_Handler
                0x08000328       0x50 ..\obj\startup_stm32f030x8.o
                0x08000328                Reset_Handler
 .text.Default_Handler
                0x08000378        0x2 ..\obj\startup_stm32f030x8.o
                0x08000378                TIM1_CC_IRQHandler
                0x08000378                HardFault_Handler
                0x08000378                TIM6_IRQHandler
                0x08000378                SysTick_Handler
                0x08000378                PendSV_Handler
                0x08000378                NMI_Handler
                0x08000378                I2C1_IRQHandler
                0x08000378                SPI1_IRQHandler
                0x08000378                EXTI2_3_IRQHandler
                0x08000378                ADC1_IRQHandler
                0x08000378                I2C2_IRQHandler
                0x08000378                TIM17_IRQHandler
                0x08000378                RTC_IRQHandler
                0x08000378                TIM16_IRQHandler
                0x08000378                TIM3_IRQHandler
                0x08000378                EXTI4_15_IRQHandler
                0x08000378                RCC_IRQHandler
                0x08000378                DMA1_Channel1_IRQHandler
                0x08000378                Default_Handler
                0x08000378                TIM14_IRQHandler
                0x08000378                DMA1_Channel4_5_IRQHandler
                0x08000378                TIM15_IRQHandler
                0x08000378                EXTI0_1_IRQHandler
                0x08000378                SPI2_IRQHandler
                0x08000378                SVC_Handler
                0x08000378                WWDG_IRQHandler
                0x08000378                DMA1_Channel2_3_IRQHandler
                0x08000378                USART2_IRQHandler
                0x08000378                FLASH_IRQHandler
                0x08000378                USART1_IRQHandler
                0x08000378                TIM1_BRK_UP_TRG_COM_IRQHandler
 *fill*         0x0800037a        0x2 
 .text          0x0800037c      0x114 c:/program files (x86)/gnu tools arm embedded/5.4 2016q3/bin/../lib/gcc/arm-none-eabi/5.4.1/armv6-m\libgcc.a(_udivsi3.o)
                0x0800037c                __aeabi_uidiv
                0x0800037c                __udivsi3
                0x08000488                __aeabi_uidivmod
 .text          0x08000490        0x4 c:/program files (x86)/gnu tools arm embedded/5.4 2016q3/bin/../lib/gcc/arm-none-eabi/5.4.1/armv6-m\libgcc.a(_dvmd_tls.o)
                0x08000490                __aeabi_idiv0
                0x08000490                __aeabi_ldiv0
 .text.__libc_init_array
                0x08000494       0x48 c:/program files (x86)/gnu tools arm embedded/5.4 2016q3/bin/../lib/gcc/arm-none-eabi/5.4.1/../../../../arm-none-eabi/lib/armv6-m\libg.a(lib_a-init.o)
                0x08000494                __libc_init_array
 .text.startup.register_fini
                0x080004dc       0x18 c:/program files (x86)/gnu tools arm embedded/5.4 2016q3/bin/../lib/gcc/arm-none-eabi/5.4.1/../../../../arm-none-eabi/lib/armv6-m\libg.a(lib_a-__call_atexit.o)
 .text.atexit   0x080004f4       0x10 c:/program files (x86)/gnu tools arm embedded/5.4 2016q3/bin/../lib/gcc/arm-none-eabi/5.4.1/../../../../arm-none-eabi/lib/armv6-m\libg.a(lib_a-atexit.o)
                0x080004f4                atexit
 .text.__libc_fini_array
                0x08000504       0x34 c:/program files (x86)/gnu tools arm embedded/5.4 2016q3/bin/../lib/gcc/arm-none-eabi/5.4.1/../../../../arm-none-eabi/lib/armv6-m\libg.a(lib_a-fini.o)
                0x08000504                __libc_fini_array
 .text.__register_exitproc
                0x08000538       0xd4 c:/program files (x86)/gnu tools arm embedded/5.4 2016q3/bin/../lib/gcc/arm-none-eabi/5.4.1/../../../../arm-none-eabi/lib/armv6-m\libg.a(lib_a-__atexit.o)
                0x08000538                __register_exitproc
 *(.init)
 .init          0x0800060c        0x4 c:/program files (x86)/gnu tools arm embedded/5.4 2016q3/bin/../lib/gcc/arm-none-eabi/5.4.1/armv6-m/crti.o
                0x0800060c                _init
 .init          0x08000610        0x8 c:/program files (x86)/gnu tools arm embedded/5.4 2016q3/bin/../lib/gcc/arm-none-eabi/5.4.1/armv6-m/crtn.o
 *(.fini)
 .fini          0x08000618        0x4 c:/program files (x86)/gnu tools arm embedded/5.4 2016q3/bin/../lib/gcc/arm-none-eabi/5.4.1/armv6-m/crti.o
                0x08000618                _fini
 .fini          0x0800061c        0x8 c:/program files (x86)/gnu tools arm embedded/5.4 2016q3/bin/../lib/gcc/arm-none-eabi/5.4.1/armv6-m/crtn.o
 *crtbegin.o(.ctors)
 *crtbegin?.o(.ctors)
 *(EXCLUDE_FILE(*crtend.o *crtend?.o) .ctors)
 *(SORT(.ctors.*))
 *(.ctors)
 *crtbegin.o(.dtors)
 *crtbegin?.o(.dtors)
 *(EXCLUDE_FILE(*crtend.o *crtend?.o) .dtors)
 *(SORT(.dtors.*))
 *(.dtors)
 *(.rodata*)
 .rodata._global_impure_ptr
                0x08000624        0x4 c:/program files (x86)/gnu tools arm embedded/5.4 2016q3/bin/../lib/gcc/arm-none-eabi/5.4.1/../../../../arm-none-eabi/lib/armv6-m\libg.a(lib_a-impure.o)
                0x08000624                _global_impure_ptr
 *(.eh_fram e*)

.eh_frame       0x08000628        0x0
 .eh_frame      0x08000628        0x0 c:/program files (x86)/gnu tools arm embedded/5.4 2016q3/bin/../lib/gcc/arm-none-eabi/5.4.1/armv6-m/crtbegin.o

.glue_7         0x08000628        0x0
 .glue_7        0x08000628        0x0 linker stubs

.glue_7t        0x08000628        0x0
 .glue_7t       0x08000628        0x0 linker stubs

.vfp11_veneer   0x08000628        0x0
 .vfp11_veneer  0x08000628        0x0 linker stubs

.v4_bx          0x08000628        0x0
 .v4_bx         0x08000628        0x0 linker stubs

.iplt           0x08000628        0x0
 .iplt          0x08000628        0x0 c:/program files (x86)/gnu tools arm embedded/5.4 2016q3/bin/../lib/gcc/arm-none-eabi/5.4.1/armv6-m/crtbegin.o

.rel.dyn        0x08000628        0x0
 .rel.iplt      0x08000628        0x0 c:/program files (x86)/gnu tools arm embedded/5.4 2016q3/bin/../lib/gcc/arm-none-eabi/5.4.1/armv6-m/crtbegin.o

.ARM.extab
 *(.ARM.extab* .gnu.linkonce.armextab.*)
                0x08000628                __exidx_start = .

.ARM.exidx
 *(.ARM.exidx* .gnu.linkonce.armexidx.*)
                0x08000628                __exidx_end = .
                0x08000628                __etext = .
                0x08000628                _sidata = __etext

.data           0x20000000      0x450 load address 0x08000628
                0x20000000                __data_start__ = .
                0x20000000                _sdata = __data_start__
 *(vtable)
 *(.data*)
 .data          0x20000000       0x14 ..\obj\system_stm32f0xx.o
                0x20000000                SystemCoreClock
                0x20000004                AHBPrescTable
 *fill*         0x20000014        0x4 
 .data.impure_data
                0x20000018      0x428 c:/program files (x86)/gnu tools arm embedded/5.4 2016q3/bin/../lib/gcc/arm-none-eabi/5.4.1/../../../../arm-none-eabi/lib/armv6-m\libg.a(lib_a-impure.o)
                0x20000440                . = ALIGN (0x4)
                0x20000440                PROVIDE (__preinit_array_start, .)
 *(.preinit_array)
                0x20000440                PROVIDE (__preinit_array_end, .)
                0x20000440                . = ALIGN (0x4)
                0x20000440                PROVIDE (__init_array_start, .)
 *(SORT(.init_array.*))
 .init_array.00000
                0x20000440        0x4 c:/program files (x86)/gnu tools arm embedded/5.4 2016q3/bin/../lib/gcc/arm-none-eabi/5.4.1/../../../../arm-none-eabi/lib/armv6-m\libg.a(lib_a-__call_atexit.o)
 *(.init_array)
 .init_array    0x20000444        0x4 c:/program files (x86)/gnu tools arm embedded/5.4 2016q3/bin/../lib/gcc/arm-none-eabi/5.4.1/armv6-m/crtbegin.o
                0x20000448                PROVIDE (__init_array_end, .)
                0x20000448                . = ALIGN (0x4)
                0x20000448                PROVIDE (__fini_array_start, .)
 *(SORT(.fini_array.*))
 *(.fini_array)
 .fini_array    0x20000448        0x4 c:/program files (x86)/gnu tools arm embedded/5.4 2016q3/bin/../lib/gcc/arm-none-eabi/5.4.1/armv6-m/crtbegin.o
                0x2000044c                PROVIDE (__fini_array_end, .)
 *(.jcr*)
 .jcr           0x2000044c        0x0 c:/program files (x86)/gnu tools arm embedded/5.4 2016q3/bin/../lib/gcc/arm-none-eabi/5.4.1/armv6-m/crtbegin.o
 .jcr           0x2000044c        0x4 c:/program files (x86)/gnu tools arm embedded/5.4 2016q3/bin/../lib/gcc/arm-none-eabi/5.4.1/armv6-m/crtend.o
                0x20000450                . = ALIGN (0x4)
                0x20000450                __data_end__ = .
                0x20000450                _edata = __data_end__

.igot.plt       0x20000450        0x0 load address 0x08000a78
 .igot.plt      0x20000450        0x0 c:/program files (x86)/gnu tools arm embedded/5.4 2016q3/bin/../lib/gcc/arm-none-eabi/5.4.1/armv6-m/crtbegin.o

.bss            0x20000450       0x1c load address 0x08000a78
                0x20000450                . = ALIGN (0x4)
                0x20000450                __bss_start__ = .
                0x20000450                _sbss = __bss_start__
 *(.bss*)
 .bss           0x20000450       0x1c c:/program files (x86)/gnu tools arm embedded/5.4 2016q3/bin/../lib/gcc/arm-none-eabi/5.4.1/armv6-m/crtbegin.o
 *(COMMON)
                0x2000046c                . = ALIGN (0x4)
                0x2000046c                __bss_end__ = .
                0x2000046c                _ebss = __bss_end__

.heap           0x2000046c        0x0
                0x2000046c                __end__ = .
                0x2000046c                _end = __end__
                0x2000046c                end = __end__
 *(.heap*)
                0x2000046c                __HeapLimit = .

.co_stack       0x2000046c        0x4 load address 0x08000a94
                0x20000470                . = ALIGN (0x8)
 *fill*         0x2000046c        0x4 
 *(.co_stack .co_stack.*)
                0x20002000                __StackTop = (ORIGIN (ram) + LENGTH (ram))
                0x20001ffc                __StackLimit = (__StackTop - SIZEOF (.co_stack))
                0x20002000                PROVIDE (__stack, __StackTop)
                0x00000001                ASSERT ((__StackLimit >= __HeapLimit), region ram  overflowed with stack)
LOAD ..\obj\stm32f0xx_hal_pwr.o
LOAD ..\obj\stm32f0xx_hal_dac_ex.o
LOAD ..\obj\stm32f0xx_hal.o
LOAD ..\obj\stm32f0xx_hal_pcd_ex.o
LOAD ..\obj\stm32f0xx_hal_adc.o
LOAD ..\obj\stm32f0xx_hal_rtc_ex.o
LOAD ..\obj\stm32f0xx_hal_pcd.o
LOAD ..\obj\stm32f0xx_hal_usart.o
LOAD ..\obj\stm32f0xx_hal_gpio.o
LOAD ..\obj\stm32f0xx_hal_uart_ex.o
LOAD ..\obj\stm32f0xx_hal_adc_ex.o
LOAD ..\obj\stm32f0xx_hal_iwdg.o
LOAD ..\obj\stm32f0xx_hal_crc_ex.o
LOAD ..\obj\stm32f0xx_hal_tim_ex.o
LOAD ..\obj\stm32f0xx_hal_i2c.o
LOAD ..\obj\stm32f0xx_hal_rtc.o
LOAD ..\obj\main.o
LOAD ..\obj\stm32f0xx_hal_comp.o
LOAD ..\obj\system_stm32f0xx.o
LOAD ..\obj\stm32f0xx_hal_dac.o
LOAD ..\obj\stm32f0xx_hal_smartcard_ex.o
LOAD ..\obj\stm32f0xx_hal_can.o
LOAD ..\obj\stm32f0xx_hal_pwr_ex.o
LOAD ..\obj\stm32f0xx_hal_flash_ex.o
LOAD ..\obj\stm32f0xx_hal_tim.o
LOAD ..\obj\stm32f0xx_hal_i2s.o
LOAD ..\obj\stm32f0xx_hal_rcc_ex.o
LOAD ..\obj\stm32f0xx_hal_smbus.o
LOAD ..\obj\stm32f0xx_hal_irda.o
LOAD ..\obj\stm32f0xx_hal_wwdg.o
LOAD ..\obj\stm32f0xx_hal_flash.o
LOAD ..\obj\stm32f0xx_hal_crc.o
LOAD ..\obj\stm32f0xx_hal_i2c_ex.o
LOAD ..\obj\stm32f0xx_hal_uart.o
LOAD ..\obj\stm32f0xx_hal_cec.o
LOAD ..\obj\stm32f0xx_hal_tsc.o
LOAD ..\obj\startup_stm32f030x8.o
LOAD ..\obj\stm32f0xx_hal_dma.o
LOAD ..\obj\stm32f0xx_hal_spi.o
LOAD ..\obj\stm32f0xx_hal_smartcard.o
LOAD ..\obj\stm32f0xx_hal_cortex.o
LOAD ..\obj\stm32f0xx_hal_rcc.o
START GROUP
LOAD c:/program files (x86)/gnu tools arm embedded/5.4 2016q3/bin/../lib/gcc/arm-none-eabi/5.4.1/armv6-m\libgcc.a
LOAD c:/program files (x86)/gnu tools arm embedded/5.4 2016q3/bin/../lib/gcc/arm-none-eabi/5.4.1/../../../../arm-none-eabi/lib/armv6-m\libg.a
LOAD c:/program files (x86)/gnu tools arm embedded/5.4 2016q3/bin/../lib/gcc/arm-none-eabi/5.4.1/../../../../arm-none-eabi/lib/armv6-m\libc.a
END GROUP
LOAD c:/program files (x86)/gnu tools arm embedded/5.4 2016q3/bin/../lib/gcc/arm-none-eabi/5.4.1/armv6-m/crtend.o
LOAD c:/program files (x86)/gnu tools arm embedded/5.4 2016q3/bin/../lib/gcc/arm-none-eabi/5.4.1/armv6-m/crtn.o
OUTPUT(GPIOSimpleInput.elf elf32-littlearm)

.ARM.attributes
                0x00000000       0x28
 .ARM.attributes
                0x00000000       0x1e c:/program files (x86)/gnu tools arm embedded/5.4 2016q3/bin/../lib/gcc/arm-none-eabi/5.4.1/armv6-m/crti.o
 .ARM.attributes
                0x0000001e       0x2c c:/program files (x86)/gnu tools arm embedded/5.4 2016q3/bin/../lib/gcc/arm-none-eabi/5.4.1/armv6-m/crtbegin.o
 .ARM.attributes
                0x0000004a       0x31 ..\obj\main.o
 .ARM.attributes
                0x0000007b       0x31 ..\obj\system_stm32f0xx.o
 .ARM.attributes
                0x000000ac       0x21 ..\obj\startup_stm32f030x8.o
 .ARM.attributes
                0x000000cd       0x1e c:/program files (x86)/gnu tools arm embedded/5.4 2016q3/bin/../lib/gcc/arm-none-eabi/5.4.1/armv6-m\libgcc.a(_udivsi3.o)
 .ARM.attributes
                0x000000eb       0x1e c:/program files (x86)/gnu tools arm embedded/5.4 2016q3/bin/../lib/gcc/arm-none-eabi/5.4.1/armv6-m\libgcc.a(_dvmd_tls.o)
 .ARM.attributes
                0x00000109       0x2c c:/program files (x86)/gnu tools arm embedded/5.4 2016q3/bin/../lib/gcc/arm-none-eabi/5.4.1/../../../../arm-none-eabi/lib/armv6-m\libg.a(lib_a-impure.o)
 .ARM.attributes
                0x00000135       0x2c c:/program files (x86)/gnu tools arm embedded/5.4 2016q3/bin/../lib/gcc/arm-none-eabi/5.4.1/../../../../arm-none-eabi/lib/armv6-m\libg.a(lib_a-init.o)
 .ARM.attributes
                0x00000161       0x2c c:/program files (x86)/gnu tools arm embedded/5.4 2016q3/bin/../lib/gcc/arm-none-eabi/5.4.1/../../../../arm-none-eabi/lib/armv6-m\libg.a(lib_a-__call_atexit.o)
 .ARM.attributes
                0x0000018d       0x2c c:/program files (x86)/gnu tools arm embedded/5.4 2016q3/bin/../lib/gcc/arm-none-eabi/5.4.1/../../../../arm-none-eabi/lib/armv6-m\libg.a(lib_a-atexit.o)
 .ARM.attributes
                0x000001b9       0x2c c:/program files (x86)/gnu tools arm embedded/5.4 2016q3/bin/../lib/gcc/arm-none-eabi/5.4.1/../../../../arm-none-eabi/lib/armv6-m\libg.a(lib_a-fini.o)
 .ARM.attributes
                0x000001e5       0x2c c:/program files (x86)/gnu tools arm embedded/5.4 2016q3/bin/../lib/gcc/arm-none-eabi/5.4.1/../../../../arm-none-eabi/lib/armv6-m\libg.a(lib_a-__atexit.o)
 .ARM.attributes
                0x00000211       0x2c c:/program files (x86)/gnu tools arm embedded/5.4 2016q3/bin/../lib/gcc/arm-none-eabi/5.4.1/armv6-m/crtend.o
 .ARM.attributes
                0x0000023d       0x1e c:/program files (x86)/gnu tools arm embedded/5.4 2016q3/bin/../lib/gcc/arm-none-eabi/5.4.1/armv6-m/crtn.o

.comment        0x00000000       0x6e
 .comment       0x00000000       0x6e ..\obj\main.o
                                 0x6f (size before relaxing)
 .comment       0x0000006e       0x6f ..\obj\system_stm32f0xx.o

.debug_info     0x00000000      0x527
 .debug_info    0x00000000      0x226 ..\obj\main.o
 .debug_info    0x00000226      0x215 ..\obj\system_stm32f0xx.o
 .debug_info    0x0000043b       0xec ..\obj\startup_stm32f030x8.o

.debug_abbrev   0x00000000      0x1d4
 .debug_abbrev  0x00000000       0xd4 ..\obj\main.o
 .debug_abbrev  0x000000d4       0xee ..\obj\system_stm32f0xx.o
 .debug_abbrev  0x000001c2       0x12 ..\obj\startup_stm32f030x8.o

.debug_aranges  0x00000000       0x68
 .debug_aranges
                0x00000000       0x20 ..\obj\main.o
 .debug_aranges
                0x00000020       0x20 ..\obj\system_stm32f0xx.o
 .debug_aranges
                0x00000040       0x28 ..\obj\startup_stm32f030x8.o

.debug_line     0x00000000      0x448
 .debug_line    0x00000000      0x1bd ..\obj\main.o
 .debug_line    0x000001bd      0x1ad ..\obj\system_stm32f0xx.o
 .debug_line    0x0000036a       0xde ..\obj\startup_stm32f030x8.o

.debug_str      0x00000000      0x280
 .debug_str     0x00000000      0x19f ..\obj\main.o
                                0x1dc (size before relaxing)
 .debug_str     0x0000019f       0xe1 ..\obj\system_stm32f0xx.o
                                0x246 (size before relaxing)

.debug_frame    0x00000000      0x1c4
 .debug_frame   0x00000000       0x48 ..\obj\main.o
 .debug_frame   0x00000048       0x4c ..\obj\system_stm32f0xx.o
 .debug_frame   0x00000094       0x20 c:/program files (x86)/gnu tools arm embedded/5.4 2016q3/bin/../lib/gcc/arm-none-eabi/5.4.1/armv6-m\libgcc.a(_udivsi3.o)
 .debug_frame   0x000000b4       0x2c c:/program files (x86)/gnu tools arm embedded/5.4 2016q3/bin/../lib/gcc/arm-none-eabi/5.4.1/../../../../arm-none-eabi/lib/armv6-m\libg.a(lib_a-init.o)
 .debug_frame   0x000000e0       0x54 c:/program files (x86)/gnu tools arm embedded/5.4 2016q3/bin/../lib/gcc/arm-none-eabi/5.4.1/../../../../arm-none-eabi/lib/armv6-m\libg.a(lib_a-__call_atexit.o)
 .debug_frame   0x00000134       0x28 c:/program files (x86)/gnu tools arm embedded/5.4 2016q3/bin/../lib/gcc/arm-none-eabi/5.4.1/../../../../arm-none-eabi/lib/armv6-m\libg.a(lib_a-atexit.o)
 .debug_frame   0x0000015c       0x2c c:/program files (x86)/gnu tools arm embedded/5.4 2016q3/bin/../lib/gcc/arm-none-eabi/5.4.1/../../../../arm-none-eabi/lib/armv6-m\libg.a(lib_a-fini.o)
 .debug_frame   0x00000188       0x3c c:/program files (x86)/gnu tools arm embedded/5.4 2016q3/bin/../lib/gcc/arm-none-eabi/5.4.1/../../../../arm-none-eabi/lib/armv6-m\libg.a(lib_a-__atexit.o)

.debug_ranges   0x00000000       0x20
 .debug_ranges  0x00000000       0x20 ..\obj\startup_stm32f030x8.o
