Archive member included to satisfy reference by file (symbol)

c:/program files (x86)/gnu tools arm embedded/5.4 2016q3/bin/../lib/gcc/arm-none-eabi/5.4.1/armv6-m\libgcc.a(_udivsi3.o)
                              ..\obj\stm32f0xx_hal.o (__aeabi_uidiv)
c:/program files (x86)/gnu tools arm embedded/5.4 2016q3/bin/../lib/gcc/arm-none-eabi/5.4.1/armv6-m\libgcc.a(_divsi3.o)
                              ..\obj\main.o (__aeabi_idiv)
c:/program files (x86)/gnu tools arm embedded/5.4 2016q3/bin/../lib/gcc/arm-none-eabi/5.4.1/armv6-m\libgcc.a(_dvmd_tls.o)
                              c:/program files (x86)/gnu tools arm embedded/5.4 2016q3/bin/../lib/gcc/arm-none-eabi/5.4.1/armv6-m\libgcc.a(_udivsi3.o) (__aeabi_idiv0)
c:/program files (x86)/gnu tools arm embedded/5.4 2016q3/bin/../lib/gcc/arm-none-eabi/5.4.1/armv6-m\libgcc.a(mulsf3.o)
                              ..\obj\main.o (__aeabi_fmul)
c:/program files (x86)/gnu tools arm embedded/5.4 2016q3/bin/../lib/gcc/arm-none-eabi/5.4.1/armv6-m\libgcc.a(subsf3.o)
                              ..\obj\main.o (__aeabi_fsub)
c:/program files (x86)/gnu tools arm embedded/5.4 2016q3/bin/../lib/gcc/arm-none-eabi/5.4.1/armv6-m\libgcc.a(fixsfsi.o)
                              ..\obj\main.o (__aeabi_f2iz)
c:/program files (x86)/gnu tools arm embedded/5.4 2016q3/bin/../lib/gcc/arm-none-eabi/5.4.1/armv6-m\libgcc.a(floatsisf.o)
                              ..\obj\main.o (__aeabi_i2f)
c:/program files (x86)/gnu tools arm embedded/5.4 2016q3/bin/../lib/gcc/arm-none-eabi/5.4.1/armv6-m\libgcc.a(_clzsi2.o)
                              c:/program files (x86)/gnu tools arm embedded/5.4 2016q3/bin/../lib/gcc/arm-none-eabi/5.4.1/armv6-m\libgcc.a(mulsf3.o) (__clzsi2)
c:/program files (x86)/gnu tools arm embedded/5.4 2016q3/bin/../lib/gcc/arm-none-eabi/5.4.1/../../../../arm-none-eabi/lib/armv6-m\libg.a(lib_a-exit.o)
                              c:/program files (x86)/gnu tools arm embedded/5.4 2016q3/bin/../lib/gcc/arm-none-eabi/5.4.1/../../../../arm-none-eabi/lib/armv6-m/crt0.o (exit)
c:/program files (x86)/gnu tools arm embedded/5.4 2016q3/bin/../lib/gcc/arm-none-eabi/5.4.1/../../../../arm-none-eabi/lib/armv6-m\libg.a(lib_a-impure.o)
                              c:/program files (x86)/gnu tools arm embedded/5.4 2016q3/bin/../lib/gcc/arm-none-eabi/5.4.1/../../../../arm-none-eabi/lib/armv6-m\libg.a(lib_a-exit.o) (_global_impure_ptr)
c:/program files (x86)/gnu tools arm embedded/5.4 2016q3/bin/../lib/gcc/arm-none-eabi/5.4.1/../../../../arm-none-eabi/lib/armv6-m\libg.a(lib_a-init.o)
                              c:/program files (x86)/gnu tools arm embedded/5.4 2016q3/bin/../lib/gcc/arm-none-eabi/5.4.1/../../../../arm-none-eabi/lib/armv6-m/crt0.o (__libc_init_array)
c:/program files (x86)/gnu tools arm embedded/5.4 2016q3/bin/../lib/gcc/arm-none-eabi/5.4.1/../../../../arm-none-eabi/lib/armv6-m\libg.a(lib_a-memset.o)
                              c:/program files (x86)/gnu tools arm embedded/5.4 2016q3/bin/../lib/gcc/arm-none-eabi/5.4.1/../../../../arm-none-eabi/lib/armv6-m/crt0.o (memset)
c:/program files (x86)/gnu tools arm embedded/5.4 2016q3/bin/../lib/gcc/arm-none-eabi/5.4.1/../../../../arm-none-eabi/lib/armv6-m\libg.a(lib_a-__call_atexit.o)
                              c:/program files (x86)/gnu tools arm embedded/5.4 2016q3/bin/../lib/gcc/arm-none-eabi/5.4.1/../../../../arm-none-eabi/lib/armv6-m\libg.a(lib_a-exit.o) (__call_exitprocs)
c:/program files (x86)/gnu tools arm embedded/5.4 2016q3/bin/../lib/gcc/arm-none-eabi/5.4.1/../../../../arm-none-eabi/lib/armv6-m\libg.a(lib_a-atexit.o)
                              c:/program files (x86)/gnu tools arm embedded/5.4 2016q3/bin/../lib/gcc/arm-none-eabi/5.4.1/../../../../arm-none-eabi/lib/armv6-m\libg.a(lib_a-__call_atexit.o) (atexit)
c:/program files (x86)/gnu tools arm embedded/5.4 2016q3/bin/../lib/gcc/arm-none-eabi/5.4.1/../../../../arm-none-eabi/lib/armv6-m\libg.a(lib_a-fini.o)
                              c:/program files (x86)/gnu tools arm embedded/5.4 2016q3/bin/../lib/gcc/arm-none-eabi/5.4.1/../../../../arm-none-eabi/lib/armv6-m\libg.a(lib_a-__call_atexit.o) (__libc_fini_array)
c:/program files (x86)/gnu tools arm embedded/5.4 2016q3/bin/../lib/gcc/arm-none-eabi/5.4.1/../../../../arm-none-eabi/lib/armv6-m\libg.a(lib_a-__atexit.o)
                              c:/program files (x86)/gnu tools arm embedded/5.4 2016q3/bin/../lib/gcc/arm-none-eabi/5.4.1/../../../../arm-none-eabi/lib/armv6-m\libg.a(lib_a-atexit.o) (__register_exitproc)

Allocating common symbols
Common symbol       size              file

pFlash              0x20              ..\obj\stm32f0xx_hal_flash.o
stringDec           0x5               ..\obj\main.o
res                 0xa               ..\obj\main.o

Discarded input sections

 .text          0x00000000        0x0 c:/program files (x86)/gnu tools arm embedded/5.4 2016q3/bin/../lib/gcc/arm-none-eabi/5.4.1/armv6-m/crti.o
 .data          0x00000000        0x0 c:/program files (x86)/gnu tools arm embedded/5.4 2016q3/bin/../lib/gcc/arm-none-eabi/5.4.1/armv6-m/crti.o
 .bss           0x00000000        0x0 c:/program files (x86)/gnu tools arm embedded/5.4 2016q3/bin/../lib/gcc/arm-none-eabi/5.4.1/armv6-m/crti.o
 .data          0x00000000        0x4 c:/program files (x86)/gnu tools arm embedded/5.4 2016q3/bin/../lib/gcc/arm-none-eabi/5.4.1/armv6-m/crtbegin.o
 .text          0x00000000       0x78 c:/program files (x86)/gnu tools arm embedded/5.4 2016q3/bin/../lib/gcc/arm-none-eabi/5.4.1/../../../../arm-none-eabi/lib/armv6-m/crt0.o
 .data          0x00000000        0x0 c:/program files (x86)/gnu tools arm embedded/5.4 2016q3/bin/../lib/gcc/arm-none-eabi/5.4.1/../../../../arm-none-eabi/lib/armv6-m/crt0.o
 .bss           0x00000000        0x0 c:/program files (x86)/gnu tools arm embedded/5.4 2016q3/bin/../lib/gcc/arm-none-eabi/5.4.1/../../../../arm-none-eabi/lib/armv6-m/crt0.o
 .ARM.extab     0x00000000        0x0 c:/program files (x86)/gnu tools arm embedded/5.4 2016q3/bin/../lib/gcc/arm-none-eabi/5.4.1/../../../../arm-none-eabi/lib/armv6-m/crt0.o
 .ARM.exidx     0x00000000        0x8 c:/program files (x86)/gnu tools arm embedded/5.4 2016q3/bin/../lib/gcc/arm-none-eabi/5.4.1/../../../../arm-none-eabi/lib/armv6-m/crt0.o
 .ARM.attributes
                0x00000000       0x1b c:/program files (x86)/gnu tools arm embedded/5.4 2016q3/bin/../lib/gcc/arm-none-eabi/5.4.1/../../../../arm-none-eabi/lib/armv6-m/crt0.o
 .text          0x00000000      0x1fc ..\obj\stm32f0xx_hal_pwr.o
 .data          0x00000000        0x0 ..\obj\stm32f0xx_hal_pwr.o
 .bss           0x00000000        0x0 ..\obj\stm32f0xx_hal_pwr.o
 .debug_info    0x00000000      0x43f ..\obj\stm32f0xx_hal_pwr.o
 .debug_abbrev  0x00000000      0x13c ..\obj\stm32f0xx_hal_pwr.o
 .debug_aranges
                0x00000000       0x20 ..\obj\stm32f0xx_hal_pwr.o
 .debug_line    0x00000000      0x271 ..\obj\stm32f0xx_hal_pwr.o
 .debug_str     0x00000000      0x389 ..\obj\stm32f0xx_hal_pwr.o
 .comment       0x00000000       0x6f ..\obj\stm32f0xx_hal_pwr.o
 .debug_frame   0x00000000      0x170 ..\obj\stm32f0xx_hal_pwr.o
 .ARM.attributes
                0x00000000       0x31 ..\obj\stm32f0xx_hal_pwr.o
 .text          0x00000000        0x0 ..\obj\stm32f0xx_hal_dac_ex.o
 .data          0x00000000        0x0 ..\obj\stm32f0xx_hal_dac_ex.o
 .bss           0x00000000        0x0 ..\obj\stm32f0xx_hal_dac_ex.o
 .debug_info    0x00000000       0x67 ..\obj\stm32f0xx_hal_dac_ex.o
 .debug_abbrev  0x00000000       0x24 ..\obj\stm32f0xx_hal_dac_ex.o
 .debug_aranges
                0x00000000       0x18 ..\obj\stm32f0xx_hal_dac_ex.o
 .debug_line    0x00000000       0x1d ..\obj\stm32f0xx_hal_dac_ex.o
 .debug_str     0x00000000      0x171 ..\obj\stm32f0xx_hal_dac_ex.o
 .comment       0x00000000       0x6f ..\obj\stm32f0xx_hal_dac_ex.o
 .ARM.attributes
                0x00000000       0x31 ..\obj\stm32f0xx_hal_dac_ex.o
 .text          0x00000000      0x1f8 ..\obj\stm32f0xx_hal.o
 .data          0x00000000        0x0 ..\obj\stm32f0xx_hal.o
 .bss           0x00000000        0x4 ..\obj\stm32f0xx_hal.o
 .debug_info    0x00000000      0x4e5 ..\obj\stm32f0xx_hal.o
 .debug_abbrev  0x00000000      0x19d ..\obj\stm32f0xx_hal.o
 .debug_aranges
                0x00000000       0x20 ..\obj\stm32f0xx_hal.o
 .debug_line    0x00000000      0x253 ..\obj\stm32f0xx_hal.o
 .debug_str     0x00000000      0x520 ..\obj\stm32f0xx_hal.o
 .comment       0x00000000       0x6f ..\obj\stm32f0xx_hal.o
 .debug_frame   0x00000000      0x1f4 ..\obj\stm32f0xx_hal.o
 .ARM.attributes
                0x00000000       0x31 ..\obj\stm32f0xx_hal.o
 .text          0x00000000        0x0 ..\obj\stm32f0xx_hal_pcd_ex.o
 .data          0x00000000        0x0 ..\obj\stm32f0xx_hal_pcd_ex.o
 .bss           0x00000000        0x0 ..\obj\stm32f0xx_hal_pcd_ex.o
 .debug_info    0x00000000       0x67 ..\obj\stm32f0xx_hal_pcd_ex.o
 .debug_abbrev  0x00000000       0x24 ..\obj\stm32f0xx_hal_pcd_ex.o
 .debug_aranges
                0x00000000       0x18 ..\obj\stm32f0xx_hal_pcd_ex.o
 .debug_line    0x00000000       0x1d ..\obj\stm32f0xx_hal_pcd_ex.o
 .debug_str     0x00000000      0x171 ..\obj\stm32f0xx_hal_pcd_ex.o
 .comment       0x00000000       0x6f ..\obj\stm32f0xx_hal_pcd_ex.o
 .ARM.attributes
                0x00000000       0x31 ..\obj\stm32f0xx_hal_pcd_ex.o
 .text          0x00000000      0xf5c ..\obj\stm32f0xx_hal_adc.o
 .data          0x00000000        0x0 ..\obj\stm32f0xx_hal_adc.o
 .bss           0x00000000        0x0 ..\obj\stm32f0xx_hal_adc.o
 .debug_info    0x00000000      0xbec ..\obj\stm32f0xx_hal_adc.o
 .debug_abbrev  0x00000000      0x1d7 ..\obj\stm32f0xx_hal_adc.o
 .debug_aranges
                0x00000000       0x20 ..\obj\stm32f0xx_hal_adc.o
 .debug_line    0x00000000      0x509 ..\obj\stm32f0xx_hal_adc.o
 .debug_str     0x00000000      0x98c ..\obj\stm32f0xx_hal_adc.o
 .comment       0x00000000       0x6f ..\obj\stm32f0xx_hal_adc.o
 .debug_frame   0x00000000      0x390 ..\obj\stm32f0xx_hal_adc.o
 .ARM.attributes
                0x00000000       0x31 ..\obj\stm32f0xx_hal_adc.o
 .text          0x00000000      0xbdc ..\obj\stm32f0xx_hal_rtc_ex.o
 .data          0x00000000        0x0 ..\obj\stm32f0xx_hal_rtc_ex.o
 .bss           0x00000000        0x0 ..\obj\stm32f0xx_hal_rtc_ex.o
 .debug_info    0x00000000      0x9c1 ..\obj\stm32f0xx_hal_rtc_ex.o
 .debug_abbrev  0x00000000      0x1a7 ..\obj\stm32f0xx_hal_rtc_ex.o
 .debug_aranges
                0x00000000       0x20 ..\obj\stm32f0xx_hal_rtc_ex.o
 .debug_line    0x00000000      0x565 ..\obj\stm32f0xx_hal_rtc_ex.o
 .debug_str     0x00000000      0x7b7 ..\obj\stm32f0xx_hal_rtc_ex.o
 .comment       0x00000000       0x6f ..\obj\stm32f0xx_hal_rtc_ex.o
 .debug_frame   0x00000000      0x2d0 ..\obj\stm32f0xx_hal_rtc_ex.o
 .ARM.attributes
                0x00000000       0x31 ..\obj\stm32f0xx_hal_rtc_ex.o
 .text          0x00000000        0x0 ..\obj\stm32f0xx_hal_pcd.o
 .data          0x00000000        0x0 ..\obj\stm32f0xx_hal_pcd.o
 .bss           0x00000000        0x0 ..\obj\stm32f0xx_hal_pcd.o
 .debug_info    0x00000000       0x67 ..\obj\stm32f0xx_hal_pcd.o
 .debug_abbrev  0x00000000       0x24 ..\obj\stm32f0xx_hal_pcd.o
 .debug_aranges
                0x00000000       0x18 ..\obj\stm32f0xx_hal_pcd.o
 .debug_line    0x00000000       0x1d ..\obj\stm32f0xx_hal_pcd.o
 .debug_str     0x00000000      0x16e ..\obj\stm32f0xx_hal_pcd.o
 .comment       0x00000000       0x6f ..\obj\stm32f0xx_hal_pcd.o
 .ARM.attributes
                0x00000000       0x31 ..\obj\stm32f0xx_hal_pcd.o
 .text          0x00000000     0x1714 ..\obj\stm32f0xx_hal_usart.o
 .data          0x00000000        0x0 ..\obj\stm32f0xx_hal_usart.o
 .bss           0x00000000        0x0 ..\obj\stm32f0xx_hal_usart.o
 .debug_info    0x00000000      0xecd ..\obj\stm32f0xx_hal_usart.o
 .debug_abbrev  0x00000000      0x217 ..\obj\stm32f0xx_hal_usart.o
 .debug_aranges
                0x00000000       0x20 ..\obj\stm32f0xx_hal_usart.o
 .debug_line    0x00000000      0x7b2 ..\obj\stm32f0xx_hal_usart.o
 .debug_str     0x00000000      0x9d4 ..\obj\stm32f0xx_hal_usart.o
 .comment       0x00000000       0x6f ..\obj\stm32f0xx_hal_usart.o
 .debug_frame   0x00000000      0x4b0 ..\obj\stm32f0xx_hal_usart.o
 .ARM.attributes
                0x00000000       0x31 ..\obj\stm32f0xx_hal_usart.o
 .text          0x00000000      0x5c4 ..\obj\stm32f0xx_hal_gpio.o
 .data          0x00000000        0x0 ..\obj\stm32f0xx_hal_gpio.o
 .bss           0x00000000        0x0 ..\obj\stm32f0xx_hal_gpio.o
 .debug_info    0x00000000      0x5a8 ..\obj\stm32f0xx_hal_gpio.o
 .debug_abbrev  0x00000000      0x1a8 ..\obj\stm32f0xx_hal_gpio.o
 .debug_aranges
                0x00000000       0x20 ..\obj\stm32f0xx_hal_gpio.o
 .debug_line    0x00000000      0x2d4 ..\obj\stm32f0xx_hal_gpio.o
 .debug_str     0x00000000      0x3ca ..\obj\stm32f0xx_hal_gpio.o
 .comment       0x00000000       0x6f ..\obj\stm32f0xx_hal_gpio.o
 .debug_frame   0x00000000      0x110 ..\obj\stm32f0xx_hal_gpio.o
 .ARM.attributes
                0x00000000       0x31 ..\obj\stm32f0xx_hal_gpio.o
 .text          0x00000000      0x2fc ..\obj\stm32f0xx_hal_uart_ex.o
 .data          0x00000000        0x0 ..\obj\stm32f0xx_hal_uart_ex.o
 .bss           0x00000000        0x0 ..\obj\stm32f0xx_hal_uart_ex.o
 .debug_info    0x00000000      0x67f ..\obj\stm32f0xx_hal_uart_ex.o
 .debug_abbrev  0x00000000      0x186 ..\obj\stm32f0xx_hal_uart_ex.o
 .debug_aranges
                0x00000000       0x20 ..\obj\stm32f0xx_hal_uart_ex.o
 .debug_line    0x00000000      0x25a ..\obj\stm32f0xx_hal_uart_ex.o
 .debug_str     0x00000000      0x6d6 ..\obj\stm32f0xx_hal_uart_ex.o
 .comment       0x00000000       0x6f ..\obj\stm32f0xx_hal_uart_ex.o
 .debug_frame   0x00000000       0x90 ..\obj\stm32f0xx_hal_uart_ex.o
 .ARM.attributes
                0x00000000       0x31 ..\obj\stm32f0xx_hal_uart_ex.o
 .text          0x00000000       0xcc ..\obj\stm32f0xx_hal_adc_ex.o
 .data          0x00000000        0x0 ..\obj\stm32f0xx_hal_adc_ex.o
 .bss           0x00000000        0x0 ..\obj\stm32f0xx_hal_adc_ex.o
 .debug_info    0x00000000      0x524 ..\obj\stm32f0xx_hal_adc_ex.o
 .debug_abbrev  0x00000000      0x103 ..\obj\stm32f0xx_hal_adc_ex.o
 .debug_aranges
                0x00000000       0x20 ..\obj\stm32f0xx_hal_adc_ex.o
 .debug_line    0x00000000      0x21b ..\obj\stm32f0xx_hal_adc_ex.o
 .debug_str     0x00000000      0x671 ..\obj\stm32f0xx_hal_adc_ex.o
 .comment       0x00000000       0x6f ..\obj\stm32f0xx_hal_adc_ex.o
 .debug_frame   0x00000000       0x30 ..\obj\stm32f0xx_hal_adc_ex.o
 .ARM.attributes
                0x00000000       0x31 ..\obj\stm32f0xx_hal_adc_ex.o
 .text          0x00000000      0x258 ..\obj\stm32f0xx_hal_iwdg.o
 .data          0x00000000        0x0 ..\obj\stm32f0xx_hal_iwdg.o
 .bss           0x00000000        0x0 ..\obj\stm32f0xx_hal_iwdg.o
 .debug_info    0x00000000      0x300 ..\obj\stm32f0xx_hal_iwdg.o
 .debug_abbrev  0x00000000      0x162 ..\obj\stm32f0xx_hal_iwdg.o
 .debug_aranges
                0x00000000       0x20 ..\obj\stm32f0xx_hal_iwdg.o
 .debug_line    0x00000000      0x24d ..\obj\stm32f0xx_hal_iwdg.o
 .debug_str     0x00000000      0x331 ..\obj\stm32f0xx_hal_iwdg.o
 .comment       0x00000000       0x6f ..\obj\stm32f0xx_hal_iwdg.o
 .debug_frame   0x00000000       0xb0 ..\obj\stm32f0xx_hal_iwdg.o
 .ARM.attributes
                0x00000000       0x31 ..\obj\stm32f0xx_hal_iwdg.o
 .text          0x00000000       0x84 ..\obj\stm32f0xx_hal_crc_ex.o
 .data          0x00000000        0x0 ..\obj\stm32f0xx_hal_crc_ex.o
 .bss           0x00000000        0x0 ..\obj\stm32f0xx_hal_crc_ex.o
 .debug_info    0x00000000      0x310 ..\obj\stm32f0xx_hal_crc_ex.o
 .debug_abbrev  0x00000000       0xcd ..\obj\stm32f0xx_hal_crc_ex.o
 .debug_aranges
                0x00000000       0x20 ..\obj\stm32f0xx_hal_crc_ex.o
 .debug_line    0x00000000      0x1c9 ..\obj\stm32f0xx_hal_crc_ex.o
 .debug_str     0x00000000      0x3f2 ..\obj\stm32f0xx_hal_crc_ex.o
 .comment       0x00000000       0x6f ..\obj\stm32f0xx_hal_crc_ex.o
 .debug_frame   0x00000000       0x70 ..\obj\stm32f0xx_hal_crc_ex.o
 .ARM.attributes
                0x00000000       0x31 ..\obj\stm32f0xx_hal_crc_ex.o
 .text          0x00000000     0x1380 ..\obj\stm32f0xx_hal_tim_ex.o
 .data          0x00000000        0x0 ..\obj\stm32f0xx_hal_tim_ex.o
 .bss           0x00000000        0x0 ..\obj\stm32f0xx_hal_tim_ex.o
 .debug_info    0x00000000      0xe99 ..\obj\stm32f0xx_hal_tim_ex.o
 .debug_abbrev  0x00000000      0x1f9 ..\obj\stm32f0xx_hal_tim_ex.o
 .debug_aranges
                0x00000000       0x20 ..\obj\stm32f0xx_hal_tim_ex.o
 .debug_line    0x00000000      0x614 ..\obj\stm32f0xx_hal_tim_ex.o
 .debug_str     0x00000000      0xb3c ..\obj\stm32f0xx_hal_tim_ex.o
 .comment       0x00000000       0x6f ..\obj\stm32f0xx_hal_tim_ex.o
 .debug_frame   0x00000000      0x4b0 ..\obj\stm32f0xx_hal_tim_ex.o
 .ARM.attributes
                0x00000000       0x31 ..\obj\stm32f0xx_hal_tim_ex.o
 .text          0x00000000     0x3800 ..\obj\stm32f0xx_hal_i2c.o
 .data          0x00000000        0x0 ..\obj\stm32f0xx_hal_i2c.o
 .bss           0x00000000        0x0 ..\obj\stm32f0xx_hal_i2c.o
 .debug_info    0x00000000     0x13db ..\obj\stm32f0xx_hal_i2c.o
 .debug_abbrev  0x00000000      0x1c1 ..\obj\stm32f0xx_hal_i2c.o
 .debug_aranges
                0x00000000       0x20 ..\obj\stm32f0xx_hal_i2c.o
 .debug_line    0x00000000      0xc30 ..\obj\stm32f0xx_hal_i2c.o
 .debug_str     0x00000000      0xb15 ..\obj\stm32f0xx_hal_i2c.o
 .comment       0x00000000       0x6f ..\obj\stm32f0xx_hal_i2c.o
 .debug_frame   0x00000000      0x6b0 ..\obj\stm32f0xx_hal_i2c.o
 .ARM.attributes
                0x00000000       0x31 ..\obj\stm32f0xx_hal_i2c.o
 .text          0x00000000      0xe34 ..\obj\stm32f0xx_hal_rtc.o
 .data          0x00000000        0x0 ..\obj\stm32f0xx_hal_rtc.o
 .bss           0x00000000        0x0 ..\obj\stm32f0xx_hal_rtc.o
 .debug_info    0x00000000      0x9a5 ..\obj\stm32f0xx_hal_rtc.o
 .debug_abbrev  0x00000000      0x1a7 ..\obj\stm32f0xx_hal_rtc.o
 .debug_aranges
                0x00000000       0x20 ..\obj\stm32f0xx_hal_rtc.o
 .debug_line    0x00000000      0x419 ..\obj\stm32f0xx_hal_rtc.o
 .debug_str     0x00000000      0x62a ..\obj\stm32f0xx_hal_rtc.o
 .comment       0x00000000       0x6f ..\obj\stm32f0xx_hal_rtc.o
 .debug_frame   0x00000000      0x290 ..\obj\stm32f0xx_hal_rtc.o
 .ARM.attributes
                0x00000000       0x31 ..\obj\stm32f0xx_hal_rtc.o
 .bss           0x00000000        0x0 ..\obj\main.o
 .text          0x00000000        0x0 ..\obj\stm32f0xx_hal_comp.o
 .data          0x00000000        0x0 ..\obj\stm32f0xx_hal_comp.o
 .bss           0x00000000        0x0 ..\obj\stm32f0xx_hal_comp.o
 .debug_info    0x00000000       0x67 ..\obj\stm32f0xx_hal_comp.o
 .debug_abbrev  0x00000000       0x24 ..\obj\stm32f0xx_hal_comp.o
 .debug_aranges
                0x00000000       0x18 ..\obj\stm32f0xx_hal_comp.o
 .debug_line    0x00000000       0x1d ..\obj\stm32f0xx_hal_comp.o
 .debug_str     0x00000000      0x16f ..\obj\stm32f0xx_hal_comp.o
 .comment       0x00000000       0x6f ..\obj\stm32f0xx_hal_comp.o
 .ARM.attributes
                0x00000000       0x31 ..\obj\stm32f0xx_hal_comp.o
 .bss           0x00000000        0x0 ..\obj\system_stm32f0xx.o
 .text          0x00000000        0x0 ..\obj\stm32f0xx_hal_dac.o
 .data          0x00000000        0x0 ..\obj\stm32f0xx_hal_dac.o
 .bss           0x00000000        0x0 ..\obj\stm32f0xx_hal_dac.o
 .debug_info    0x00000000       0x67 ..\obj\stm32f0xx_hal_dac.o
 .debug_abbrev  0x00000000       0x24 ..\obj\stm32f0xx_hal_dac.o
 .debug_aranges
                0x00000000       0x18 ..\obj\stm32f0xx_hal_dac.o
 .debug_line    0x00000000       0x1d ..\obj\stm32f0xx_hal_dac.o
 .debug_str     0x00000000      0x16e ..\obj\stm32f0xx_hal_dac.o
 .comment       0x00000000       0x6f ..\obj\stm32f0xx_hal_dac.o
 .ARM.attributes
                0x00000000       0x31 ..\obj\stm32f0xx_hal_dac.o
 .text          0x00000000        0x0 ..\obj\stm32f0xx_hal_smartcard_ex.o
 .data          0x00000000        0x0 ..\obj\stm32f0xx_hal_smartcard_ex.o
 .bss           0x00000000        0x0 ..\obj\stm32f0xx_hal_smartcard_ex.o
 .debug_info    0x00000000       0x67 ..\obj\stm32f0xx_hal_smartcard_ex.o
 .debug_abbrev  0x00000000       0x24 ..\obj\stm32f0xx_hal_smartcard_ex.o
 .debug_aranges
                0x00000000       0x18 ..\obj\stm32f0xx_hal_smartcard_ex.o
 .debug_line    0x00000000       0x1d ..\obj\stm32f0xx_hal_smartcard_ex.o
 .debug_str     0x00000000      0x177 ..\obj\stm32f0xx_hal_smartcard_ex.o
 .comment       0x00000000       0x6f ..\obj\stm32f0xx_hal_smartcard_ex.o
 .ARM.attributes
                0x00000000       0x31 ..\obj\stm32f0xx_hal_smartcard_ex.o
 .text          0x00000000        0x0 ..\obj\stm32f0xx_hal_can.o
 .data          0x00000000        0x0 ..\obj\stm32f0xx_hal_can.o
 .bss           0x00000000        0x0 ..\obj\stm32f0xx_hal_can.o
 .debug_info    0x00000000       0x67 ..\obj\stm32f0xx_hal_can.o
 .debug_abbrev  0x00000000       0x24 ..\obj\stm32f0xx_hal_can.o
 .debug_aranges
                0x00000000       0x18 ..\obj\stm32f0xx_hal_can.o
 .debug_line    0x00000000       0x1d ..\obj\stm32f0xx_hal_can.o
 .debug_str     0x00000000      0x16e ..\obj\stm32f0xx_hal_can.o
 .comment       0x00000000       0x6f ..\obj\stm32f0xx_hal_can.o
 .ARM.attributes
                0x00000000       0x31 ..\obj\stm32f0xx_hal_can.o
 .text          0x00000000        0x0 ..\obj\stm32f0xx_hal_pwr_ex.o
 .data          0x00000000        0x0 ..\obj\stm32f0xx_hal_pwr_ex.o
 .bss           0x00000000        0x0 ..\obj\stm32f0xx_hal_pwr_ex.o
 .debug_info    0x00000000       0x67 ..\obj\stm32f0xx_hal_pwr_ex.o
 .debug_abbrev  0x00000000       0x24 ..\obj\stm32f0xx_hal_pwr_ex.o
 .debug_aranges
                0x00000000       0x18 ..\obj\stm32f0xx_hal_pwr_ex.o
 .debug_line    0x00000000       0x1d ..\obj\stm32f0xx_hal_pwr_ex.o
 .debug_str     0x00000000      0x171 ..\obj\stm32f0xx_hal_pwr_ex.o
 .comment       0x00000000       0x6f ..\obj\stm32f0xx_hal_pwr_ex.o
 .ARM.attributes
                0x00000000       0x31 ..\obj\stm32f0xx_hal_pwr_ex.o
 .text          0x00000000      0x74c ..\obj\stm32f0xx_hal_flash_ex.o
 .data          0x00000000        0x0 ..\obj\stm32f0xx_hal_flash_ex.o
 .bss           0x00000000        0x0 ..\obj\stm32f0xx_hal_flash_ex.o
 .debug_info    0x00000000      0x698 ..\obj\stm32f0xx_hal_flash_ex.o
 .debug_abbrev  0x00000000      0x192 ..\obj\stm32f0xx_hal_flash_ex.o
 .debug_aranges
                0x00000000       0x20 ..\obj\stm32f0xx_hal_flash_ex.o
 .debug_line    0x00000000      0x2d4 ..\obj\stm32f0xx_hal_flash_ex.o
 .debug_str     0x00000000      0x5b6 ..\obj\stm32f0xx_hal_flash_ex.o
 .comment       0x00000000       0x6f ..\obj\stm32f0xx_hal_flash_ex.o
 .debug_frame   0x00000000      0x1c4 ..\obj\stm32f0xx_hal_flash_ex.o
 .ARM.attributes
                0x00000000       0x31 ..\obj\stm32f0xx_hal_flash_ex.o
 .text          0x00000000     0x3ea0 ..\obj\stm32f0xx_hal_tim.o
 .data          0x00000000        0x0 ..\obj\stm32f0xx_hal_tim.o
 .bss           0x00000000        0x0 ..\obj\stm32f0xx_hal_tim.o
 .debug_info    0x00000000     0x20c3 ..\obj\stm32f0xx_hal_tim.o
 .debug_abbrev  0x00000000      0x21c ..\obj\stm32f0xx_hal_tim.o
 .debug_aranges
                0x00000000       0x20 ..\obj\stm32f0xx_hal_tim.o
 .debug_line    0x00000000      0xecc ..\obj\stm32f0xx_hal_tim.o
 .debug_str     0x00000000     0x1293 ..\obj\stm32f0xx_hal_tim.o
 .comment       0x00000000       0x6f ..\obj\stm32f0xx_hal_tim.o
 .debug_frame   0x00000000      0xd50 ..\obj\stm32f0xx_hal_tim.o
 .ARM.attributes
                0x00000000       0x31 ..\obj\stm32f0xx_hal_tim.o
 .text          0x00000000        0x0 ..\obj\stm32f0xx_hal_i2s.o
 .data          0x00000000        0x0 ..\obj\stm32f0xx_hal_i2s.o
 .bss           0x00000000        0x0 ..\obj\stm32f0xx_hal_i2s.o
 .debug_info    0x00000000       0x67 ..\obj\stm32f0xx_hal_i2s.o
 .debug_abbrev  0x00000000       0x24 ..\obj\stm32f0xx_hal_i2s.o
 .debug_aranges
                0x00000000       0x18 ..\obj\stm32f0xx_hal_i2s.o
 .debug_line    0x00000000       0x1d ..\obj\stm32f0xx_hal_i2s.o
 .debug_str     0x00000000      0x16e ..\obj\stm32f0xx_hal_i2s.o
 .comment       0x00000000       0x6f ..\obj\stm32f0xx_hal_i2s.o
 .ARM.attributes
                0x00000000       0x31 ..\obj\stm32f0xx_hal_i2s.o
 .text          0x00000000      0x9e4 ..\obj\stm32f0xx_hal_rcc_ex.o
 .data          0x00000000        0x0 ..\obj\stm32f0xx_hal_rcc_ex.o
 .bss           0x00000000        0x0 ..\obj\stm32f0xx_hal_rcc_ex.o
 .rodata        0x00000000       0x20 ..\obj\stm32f0xx_hal_rcc_ex.o
 .debug_info    0x00000000      0x55d ..\obj\stm32f0xx_hal_rcc_ex.o
 .debug_abbrev  0x00000000      0x181 ..\obj\stm32f0xx_hal_rcc_ex.o
 .debug_aranges
                0x00000000       0x20 ..\obj\stm32f0xx_hal_rcc_ex.o
 .debug_line    0x00000000      0x344 ..\obj\stm32f0xx_hal_rcc_ex.o
 .debug_str     0x00000000      0x4cd ..\obj\stm32f0xx_hal_rcc_ex.o
 .comment       0x00000000       0x6f ..\obj\stm32f0xx_hal_rcc_ex.o
 .debug_frame   0x00000000       0xb0 ..\obj\stm32f0xx_hal_rcc_ex.o
 .ARM.attributes
                0x00000000       0x31 ..\obj\stm32f0xx_hal_rcc_ex.o
 .text          0x00000000     0x1744 ..\obj\stm32f0xx_hal_smbus.o
 .data          0x00000000        0x0 ..\obj\stm32f0xx_hal_smbus.o
 .bss           0x00000000        0x0 ..\obj\stm32f0xx_hal_smbus.o
 .debug_info    0x00000000      0xa43 ..\obj\stm32f0xx_hal_smbus.o
 .debug_abbrev  0x00000000      0x1b9 ..\obj\stm32f0xx_hal_smbus.o
 .debug_aranges
                0x00000000       0x20 ..\obj\stm32f0xx_hal_smbus.o
 .debug_line    0x00000000      0x639 ..\obj\stm32f0xx_hal_smbus.o
 .debug_str     0x00000000      0x71c ..\obj\stm32f0xx_hal_smbus.o
 .comment       0x00000000       0x6f ..\obj\stm32f0xx_hal_smbus.o
 .debug_frame   0x00000000      0x3f0 ..\obj\stm32f0xx_hal_smbus.o
 .ARM.attributes
                0x00000000       0x31 ..\obj\stm32f0xx_hal_smbus.o
 .text          0x00000000        0x0 ..\obj\stm32f0xx_hal_irda.o
 .data          0x00000000        0x0 ..\obj\stm32f0xx_hal_irda.o
 .bss           0x00000000        0x0 ..\obj\stm32f0xx_hal_irda.o
 .debug_info    0x00000000       0x67 ..\obj\stm32f0xx_hal_irda.o
 .debug_abbrev  0x00000000       0x24 ..\obj\stm32f0xx_hal_irda.o
 .debug_aranges
                0x00000000       0x18 ..\obj\stm32f0xx_hal_irda.o
 .debug_line    0x00000000       0x1d ..\obj\stm32f0xx_hal_irda.o
 .debug_str     0x00000000      0x16f ..\obj\stm32f0xx_hal_irda.o
 .comment       0x00000000       0x6f ..\obj\stm32f0xx_hal_irda.o
 .ARM.attributes
                0x00000000       0x31 ..\obj\stm32f0xx_hal_irda.o
 .text          0x00000000      0x228 ..\obj\stm32f0xx_hal_wwdg.o
 .data          0x00000000        0x0 ..\obj\stm32f0xx_hal_wwdg.o
 .bss           0x00000000        0x0 ..\obj\stm32f0xx_hal_wwdg.o
 .debug_info    0x00000000      0x38c ..\obj\stm32f0xx_hal_wwdg.o
 .debug_abbrev  0x00000000      0x169 ..\obj\stm32f0xx_hal_wwdg.o
 .debug_aranges
                0x00000000       0x20 ..\obj\stm32f0xx_hal_wwdg.o
 .debug_line    0x00000000      0x26f ..\obj\stm32f0xx_hal_wwdg.o
 .debug_str     0x00000000      0x384 ..\obj\stm32f0xx_hal_wwdg.o
 .comment       0x00000000       0x6f ..\obj\stm32f0xx_hal_wwdg.o
 .debug_frame   0x00000000      0x150 ..\obj\stm32f0xx_hal_wwdg.o
 .ARM.attributes
                0x00000000       0x31 ..\obj\stm32f0xx_hal_wwdg.o
 .text          0x00000000      0x5c8 ..\obj\stm32f0xx_hal_flash.o
 .data          0x00000000        0x0 ..\obj\stm32f0xx_hal_flash.o
 .bss           0x00000000        0x0 ..\obj\stm32f0xx_hal_flash.o
 .debug_info    0x00000000      0x4ca ..\obj\stm32f0xx_hal_flash.o
 .debug_abbrev  0x00000000      0x1a3 ..\obj\stm32f0xx_hal_flash.o
 .debug_aranges
                0x00000000       0x20 ..\obj\stm32f0xx_hal_flash.o
 .debug_line    0x00000000      0x2c0 ..\obj\stm32f0xx_hal_flash.o
 .debug_str     0x00000000      0x4df ..\obj\stm32f0xx_hal_flash.o
 .comment       0x00000000       0x6f ..\obj\stm32f0xx_hal_flash.o
 .debug_frame   0x00000000      0x1dc ..\obj\stm32f0xx_hal_flash.o
 .ARM.attributes
                0x00000000       0x31 ..\obj\stm32f0xx_hal_flash.o
 COMMON         0x00000000       0x20 ..\obj\stm32f0xx_hal_flash.o
 .text          0x00000000      0x3f8 ..\obj\stm32f0xx_hal_crc.o
 .data          0x00000000        0x0 ..\obj\stm32f0xx_hal_crc.o
 .bss           0x00000000        0x0 ..\obj\stm32f0xx_hal_crc.o
 .debug_info    0x00000000      0x4ca ..\obj\stm32f0xx_hal_crc.o
 .debug_abbrev  0x00000000      0x14c ..\obj\stm32f0xx_hal_crc.o
 .debug_aranges
                0x00000000       0x20 ..\obj\stm32f0xx_hal_crc.o
 .debug_line    0x00000000      0x299 ..\obj\stm32f0xx_hal_crc.o
 .debug_str     0x00000000      0x431 ..\obj\stm32f0xx_hal_crc.o
 .comment       0x00000000       0x6f ..\obj\stm32f0xx_hal_crc.o
 .debug_frame   0x00000000      0x130 ..\obj\stm32f0xx_hal_crc.o
 .ARM.attributes
                0x00000000       0x31 ..\obj\stm32f0xx_hal_crc.o
 .text          0x00000000      0x194 ..\obj\stm32f0xx_hal_i2c_ex.o
 .data          0x00000000        0x0 ..\obj\stm32f0xx_hal_i2c_ex.o
 .bss           0x00000000        0x0 ..\obj\stm32f0xx_hal_i2c_ex.o
 .debug_info    0x00000000      0x52c ..\obj\stm32f0xx_hal_i2c_ex.o
 .debug_abbrev  0x00000000      0x13a ..\obj\stm32f0xx_hal_i2c_ex.o
 .debug_aranges
                0x00000000       0x20 ..\obj\stm32f0xx_hal_i2c_ex.o
 .debug_line    0x00000000      0x272 ..\obj\stm32f0xx_hal_i2c_ex.o
 .debug_str     0x00000000      0x61b ..\obj\stm32f0xx_hal_i2c_ex.o
 .comment       0x00000000       0x6f ..\obj\stm32f0xx_hal_i2c_ex.o
 .debug_frame   0x00000000       0x50 ..\obj\stm32f0xx_hal_i2c_ex.o
 .ARM.attributes
                0x00000000       0x31 ..\obj\stm32f0xx_hal_i2c_ex.o
 .text          0x00000000     0x15d8 ..\obj\stm32f0xx_hal_uart.o
 .data          0x00000000        0x0 ..\obj\stm32f0xx_hal_uart.o
 .bss           0x00000000        0x0 ..\obj\stm32f0xx_hal_uart.o
 .debug_info    0x00000000      0xeec ..\obj\stm32f0xx_hal_uart.o
 .debug_abbrev  0x00000000      0x19e ..\obj\stm32f0xx_hal_uart.o
 .debug_aranges
                0x00000000       0x20 ..\obj\stm32f0xx_hal_uart.o
 .debug_line    0x00000000      0x64b ..\obj\stm32f0xx_hal_uart.o
 .debug_str     0x00000000      0xab2 ..\obj\stm32f0xx_hal_uart.o
 .comment       0x00000000       0x6f ..\obj\stm32f0xx_hal_uart.o
 .debug_frame   0x00000000      0x4d0 ..\obj\stm32f0xx_hal_uart.o
 .ARM.attributes
                0x00000000       0x31 ..\obj\stm32f0xx_hal_uart.o
 .text          0x00000000        0x0 ..\obj\stm32f0xx_hal_cec.o
 .data          0x00000000        0x0 ..\obj\stm32f0xx_hal_cec.o
 .bss           0x00000000        0x0 ..\obj\stm32f0xx_hal_cec.o
 .debug_info    0x00000000       0x67 ..\obj\stm32f0xx_hal_cec.o
 .debug_abbrev  0x00000000       0x24 ..\obj\stm32f0xx_hal_cec.o
 .debug_aranges
                0x00000000       0x18 ..\obj\stm32f0xx_hal_cec.o
 .debug_line    0x00000000       0x1d ..\obj\stm32f0xx_hal_cec.o
 .debug_str     0x00000000      0x16e ..\obj\stm32f0xx_hal_cec.o
 .comment       0x00000000       0x6f ..\obj\stm32f0xx_hal_cec.o
 .ARM.attributes
                0x00000000       0x31 ..\obj\stm32f0xx_hal_cec.o
 .text          0x00000000        0x0 ..\obj\stm32f0xx_hal_tsc.o
 .data          0x00000000        0x0 ..\obj\stm32f0xx_hal_tsc.o
 .bss           0x00000000        0x0 ..\obj\stm32f0xx_hal_tsc.o
 .debug_info    0x00000000       0x67 ..\obj\stm32f0xx_hal_tsc.o
 .debug_abbrev  0x00000000       0x24 ..\obj\stm32f0xx_hal_tsc.o
 .debug_aranges
                0x00000000       0x18 ..\obj\stm32f0xx_hal_tsc.o
 .debug_line    0x00000000       0x1d ..\obj\stm32f0xx_hal_tsc.o
 .debug_str     0x00000000      0x16e ..\obj\stm32f0xx_hal_tsc.o
 .comment       0x00000000       0x6f ..\obj\stm32f0xx_hal_tsc.o
 .ARM.attributes
                0x00000000       0x31 ..\obj\stm32f0xx_hal_tsc.o
 .text          0x00000000       0x14 ..\obj\startup_stm32f030x8.o
 .data          0x00000000        0x0 ..\obj\startup_stm32f030x8.o
 .bss           0x00000000        0x0 ..\obj\startup_stm32f030x8.o
 .text          0x00000000      0x93c ..\obj\stm32f0xx_hal_dma.o
 .data          0x00000000        0x0 ..\obj\stm32f0xx_hal_dma.o
 .bss           0x00000000        0x0 ..\obj\stm32f0xx_hal_dma.o
 .debug_info    0x00000000      0x541 ..\obj\stm32f0xx_hal_dma.o
 .debug_abbrev  0x00000000      0x177 ..\obj\stm32f0xx_hal_dma.o
 .debug_aranges
                0x00000000       0x20 ..\obj\stm32f0xx_hal_dma.o
 .debug_line    0x00000000      0x5dd ..\obj\stm32f0xx_hal_dma.o
 .debug_str     0x00000000      0x4b1 ..\obj\stm32f0xx_hal_dma.o
 .comment       0x00000000       0x6f ..\obj\stm32f0xx_hal_dma.o
 .debug_frame   0x00000000      0x150 ..\obj\stm32f0xx_hal_dma.o
 .ARM.attributes
                0x00000000       0x31 ..\obj\stm32f0xx_hal_dma.o
 .text          0x00000000     0x2774 ..\obj\stm32f0xx_hal_spi.o
 .data          0x00000000        0x0 ..\obj\stm32f0xx_hal_spi.o
 .bss           0x00000000        0x0 ..\obj\stm32f0xx_hal_spi.o
 .debug_info    0x00000000     0x1252 ..\obj\stm32f0xx_hal_spi.o
 .debug_abbrev  0x00000000      0x21c ..\obj\stm32f0xx_hal_spi.o
 .debug_aranges
                0x00000000       0x20 ..\obj\stm32f0xx_hal_spi.o
 .debug_line    0x00000000      0x857 ..\obj\stm32f0xx_hal_spi.o
 .debug_str     0x00000000      0xa48 ..\obj\stm32f0xx_hal_spi.o
 .comment       0x00000000       0x6f ..\obj\stm32f0xx_hal_spi.o
 .debug_frame   0x00000000      0x690 ..\obj\stm32f0xx_hal_spi.o
 .ARM.attributes
                0x00000000       0x31 ..\obj\stm32f0xx_hal_spi.o
 .text          0x00000000        0x0 ..\obj\stm32f0xx_hal_smartcard.o
 .data          0x00000000        0x0 ..\obj\stm32f0xx_hal_smartcard.o
 .bss           0x00000000        0x0 ..\obj\stm32f0xx_hal_smartcard.o
 .debug_info    0x00000000       0x67 ..\obj\stm32f0xx_hal_smartcard.o
 .debug_abbrev  0x00000000       0x24 ..\obj\stm32f0xx_hal_smartcard.o
 .debug_aranges
                0x00000000       0x18 ..\obj\stm32f0xx_hal_smartcard.o
 .debug_line    0x00000000       0x1d ..\obj\stm32f0xx_hal_smartcard.o
 .debug_str     0x00000000      0x174 ..\obj\stm32f0xx_hal_smartcard.o
 .comment       0x00000000       0x6f ..\obj\stm32f0xx_hal_smartcard.o
 .ARM.attributes
                0x00000000       0x31 ..\obj\stm32f0xx_hal_smartcard.o
 .text          0x00000000      0x42c ..\obj\stm32f0xx_hal_cortex.o
 .data          0x00000000        0x0 ..\obj\stm32f0xx_hal_cortex.o
 .bss           0x00000000        0x0 ..\obj\stm32f0xx_hal_cortex.o
 .debug_info    0x00000000      0x66e ..\obj\stm32f0xx_hal_cortex.o
 .debug_abbrev  0x00000000      0x22f ..\obj\stm32f0xx_hal_cortex.o
 .debug_aranges
                0x00000000       0x20 ..\obj\stm32f0xx_hal_cortex.o
 .debug_line    0x00000000      0x2a8 ..\obj\stm32f0xx_hal_cortex.o
 .debug_str     0x00000000      0x594 ..\obj\stm32f0xx_hal_cortex.o
 .comment       0x00000000       0x6f ..\obj\stm32f0xx_hal_cortex.o
 .debug_frame   0x00000000      0x2a4 ..\obj\stm32f0xx_hal_cortex.o
 .ARM.attributes
                0x00000000       0x31 ..\obj\stm32f0xx_hal_cortex.o
 .text          0x00000000      0x354 ..\obj\stm32f0xx_hal_rcc.o
 .data          0x00000000        0x0 ..\obj\stm32f0xx_hal_rcc.o
 .bss           0x00000000        0x0 ..\obj\stm32f0xx_hal_rcc.o
 .rodata        0x00000000       0x10 ..\obj\stm32f0xx_hal_rcc.o
 .debug_info    0x00000000      0x631 ..\obj\stm32f0xx_hal_rcc.o
 .debug_abbrev  0x00000000      0x1e5 ..\obj\stm32f0xx_hal_rcc.o
 .debug_aranges
                0x00000000       0x20 ..\obj\stm32f0xx_hal_rcc.o
 .debug_line    0x00000000      0x24a ..\obj\stm32f0xx_hal_rcc.o
 .debug_str     0x00000000      0x53d ..\obj\stm32f0xx_hal_rcc.o
 .comment       0x00000000       0x6f ..\obj\stm32f0xx_hal_rcc.o
 .debug_frame   0x00000000      0x190 ..\obj\stm32f0xx_hal_rcc.o
 .ARM.attributes
                0x00000000       0x31 ..\obj\stm32f0xx_hal_rcc.o
 .data          0x00000000        0x0 c:/program files (x86)/gnu tools arm embedded/5.4 2016q3/bin/../lib/gcc/arm-none-eabi/5.4.1/armv6-m\libgcc.a(_udivsi3.o)
 .bss           0x00000000        0x0 c:/program files (x86)/gnu tools arm embedded/5.4 2016q3/bin/../lib/gcc/arm-none-eabi/5.4.1/armv6-m\libgcc.a(_udivsi3.o)
 .data          0x00000000        0x0 c:/program files (x86)/gnu tools arm embedded/5.4 2016q3/bin/../lib/gcc/arm-none-eabi/5.4.1/armv6-m\libgcc.a(_divsi3.o)
 .bss           0x00000000        0x0 c:/program files (x86)/gnu tools arm embedded/5.4 2016q3/bin/../lib/gcc/arm-none-eabi/5.4.1/armv6-m\libgcc.a(_divsi3.o)
 .data          0x00000000        0x0 c:/program files (x86)/gnu tools arm embedded/5.4 2016q3/bin/../lib/gcc/arm-none-eabi/5.4.1/armv6-m\libgcc.a(_dvmd_tls.o)
 .bss           0x00000000        0x0 c:/program files (x86)/gnu tools arm embedded/5.4 2016q3/bin/../lib/gcc/arm-none-eabi/5.4.1/armv6-m\libgcc.a(_dvmd_tls.o)
 .data          0x00000000        0x0 c:/program files (x86)/gnu tools arm embedded/5.4 2016q3/bin/../lib/gcc/arm-none-eabi/5.4.1/armv6-m\libgcc.a(mulsf3.o)
 .bss           0x00000000        0x0 c:/program files (x86)/gnu tools arm embedded/5.4 2016q3/bin/../lib/gcc/arm-none-eabi/5.4.1/armv6-m\libgcc.a(mulsf3.o)
 .data          0x00000000        0x0 c:/program files (x86)/gnu tools arm embedded/5.4 2016q3/bin/../lib/gcc/arm-none-eabi/5.4.1/armv6-m\libgcc.a(subsf3.o)
 .bss           0x00000000        0x0 c:/program files (x86)/gnu tools arm embedded/5.4 2016q3/bin/../lib/gcc/arm-none-eabi/5.4.1/armv6-m\libgcc.a(subsf3.o)
 .data          0x00000000        0x0 c:/program files (x86)/gnu tools arm embedded/5.4 2016q3/bin/../lib/gcc/arm-none-eabi/5.4.1/armv6-m\libgcc.a(fixsfsi.o)
 .bss           0x00000000        0x0 c:/program files (x86)/gnu tools arm embedded/5.4 2016q3/bin/../lib/gcc/arm-none-eabi/5.4.1/armv6-m\libgcc.a(fixsfsi.o)
 .data          0x00000000        0x0 c:/program files (x86)/gnu tools arm embedded/5.4 2016q3/bin/../lib/gcc/arm-none-eabi/5.4.1/armv6-m\libgcc.a(floatsisf.o)
 .bss           0x00000000        0x0 c:/program files (x86)/gnu tools arm embedded/5.4 2016q3/bin/../lib/gcc/arm-none-eabi/5.4.1/armv6-m\libgcc.a(floatsisf.o)
 .data          0x00000000        0x0 c:/program files (x86)/gnu tools arm embedded/5.4 2016q3/bin/../lib/gcc/arm-none-eabi/5.4.1/armv6-m\libgcc.a(_clzsi2.o)
 .bss           0x00000000        0x0 c:/program files (x86)/gnu tools arm embedded/5.4 2016q3/bin/../lib/gcc/arm-none-eabi/5.4.1/armv6-m\libgcc.a(_clzsi2.o)
 .text          0x00000000        0x0 c:/program files (x86)/gnu tools arm embedded/5.4 2016q3/bin/../lib/gcc/arm-none-eabi/5.4.1/../../../../arm-none-eabi/lib/armv6-m\libg.a(lib_a-exit.o)
 .data          0x00000000        0x0 c:/program files (x86)/gnu tools arm embedded/5.4 2016q3/bin/../lib/gcc/arm-none-eabi/5.4.1/../../../../arm-none-eabi/lib/armv6-m\libg.a(lib_a-exit.o)
 .bss           0x00000000        0x0 c:/program files (x86)/gnu tools arm embedded/5.4 2016q3/bin/../lib/gcc/arm-none-eabi/5.4.1/../../../../arm-none-eabi/lib/armv6-m\libg.a(lib_a-exit.o)
 .text.exit     0x00000000       0x20 c:/program files (x86)/gnu tools arm embedded/5.4 2016q3/bin/../lib/gcc/arm-none-eabi/5.4.1/../../../../arm-none-eabi/lib/armv6-m\libg.a(lib_a-exit.o)
 .debug_frame   0x00000000       0x28 c:/program files (x86)/gnu tools arm embedded/5.4 2016q3/bin/../lib/gcc/arm-none-eabi/5.4.1/../../../../arm-none-eabi/lib/armv6-m\libg.a(lib_a-exit.o)
 .ARM.attributes
                0x00000000       0x2c c:/program files (x86)/gnu tools arm embedded/5.4 2016q3/bin/../lib/gcc/arm-none-eabi/5.4.1/../../../../arm-none-eabi/lib/armv6-m\libg.a(lib_a-exit.o)
 .text          0x00000000        0x0 c:/program files (x86)/gnu tools arm embedded/5.4 2016q3/bin/../lib/gcc/arm-none-eabi/5.4.1/../../../../arm-none-eabi/lib/armv6-m\libg.a(lib_a-impure.o)
 .data          0x00000000        0x0 c:/program files (x86)/gnu tools arm embedded/5.4 2016q3/bin/../lib/gcc/arm-none-eabi/5.4.1/../../../../arm-none-eabi/lib/armv6-m\libg.a(lib_a-impure.o)
 .bss           0x00000000        0x0 c:/program files (x86)/gnu tools arm embedded/5.4 2016q3/bin/../lib/gcc/arm-none-eabi/5.4.1/../../../../arm-none-eabi/lib/armv6-m\libg.a(lib_a-impure.o)
 .data._impure_ptr
                0x00000000        0x4 c:/program files (x86)/gnu tools arm embedded/5.4 2016q3/bin/../lib/gcc/arm-none-eabi/5.4.1/../../../../arm-none-eabi/lib/armv6-m\libg.a(lib_a-impure.o)
 .text          0x00000000        0x0 c:/program files (x86)/gnu tools arm embedded/5.4 2016q3/bin/../lib/gcc/arm-none-eabi/5.4.1/../../../../arm-none-eabi/lib/armv6-m\libg.a(lib_a-init.o)
 .data          0x00000000        0x0 c:/program files (x86)/gnu tools arm embedded/5.4 2016q3/bin/../lib/gcc/arm-none-eabi/5.4.1/../../../../arm-none-eabi/lib/armv6-m\libg.a(lib_a-init.o)
 .bss           0x00000000        0x0 c:/program files (x86)/gnu tools arm embedded/5.4 2016q3/bin/../lib/gcc/arm-none-eabi/5.4.1/../../../../arm-none-eabi/lib/armv6-m\libg.a(lib_a-init.o)
 .text          0x00000000        0x0 c:/program files (x86)/gnu tools arm embedded/5.4 2016q3/bin/../lib/gcc/arm-none-eabi/5.4.1/../../../../arm-none-eabi/lib/armv6-m\libg.a(lib_a-memset.o)
 .data          0x00000000        0x0 c:/program files (x86)/gnu tools arm embedded/5.4 2016q3/bin/../lib/gcc/arm-none-eabi/5.4.1/../../../../arm-none-eabi/lib/armv6-m\libg.a(lib_a-memset.o)
 .bss           0x00000000        0x0 c:/program files (x86)/gnu tools arm embedded/5.4 2016q3/bin/../lib/gcc/arm-none-eabi/5.4.1/../../../../arm-none-eabi/lib/armv6-m\libg.a(lib_a-memset.o)
 .text.memset   0x00000000       0x8c c:/program files (x86)/gnu tools arm embedded/5.4 2016q3/bin/../lib/gcc/arm-none-eabi/5.4.1/../../../../arm-none-eabi/lib/armv6-m\libg.a(lib_a-memset.o)
 .debug_frame   0x00000000       0x2c c:/program files (x86)/gnu tools arm embedded/5.4 2016q3/bin/../lib/gcc/arm-none-eabi/5.4.1/../../../../arm-none-eabi/lib/armv6-m\libg.a(lib_a-memset.o)
 .ARM.attributes
                0x00000000       0x2c c:/program files (x86)/gnu tools arm embedded/5.4 2016q3/bin/../lib/gcc/arm-none-eabi/5.4.1/../../../../arm-none-eabi/lib/armv6-m\libg.a(lib_a-memset.o)
 .text          0x00000000        0x0 c:/program files (x86)/gnu tools arm embedded/5.4 2016q3/bin/../lib/gcc/arm-none-eabi/5.4.1/../../../../arm-none-eabi/lib/armv6-m\libg.a(lib_a-__call_atexit.o)
 .data          0x00000000        0x0 c:/program files (x86)/gnu tools arm embedded/5.4 2016q3/bin/../lib/gcc/arm-none-eabi/5.4.1/../../../../arm-none-eabi/lib/armv6-m\libg.a(lib_a-__call_atexit.o)
 .bss           0x00000000        0x0 c:/program files (x86)/gnu tools arm embedded/5.4 2016q3/bin/../lib/gcc/arm-none-eabi/5.4.1/../../../../arm-none-eabi/lib/armv6-m\libg.a(lib_a-__call_atexit.o)
 .text.__call_exitprocs
                0x00000000       0xfc c:/program files (x86)/gnu tools arm embedded/5.4 2016q3/bin/../lib/gcc/arm-none-eabi/5.4.1/../../../../arm-none-eabi/lib/armv6-m\libg.a(lib_a-__call_atexit.o)
 .text          0x00000000        0x0 c:/program files (x86)/gnu tools arm embedded/5.4 2016q3/bin/../lib/gcc/arm-none-eabi/5.4.1/../../../../arm-none-eabi/lib/armv6-m\libg.a(lib_a-atexit.o)
 .data          0x00000000        0x0 c:/program files (x86)/gnu tools arm embedded/5.4 2016q3/bin/../lib/gcc/arm-none-eabi/5.4.1/../../../../arm-none-eabi/lib/armv6-m\libg.a(lib_a-atexit.o)
 .bss           0x00000000        0x0 c:/program files (x86)/gnu tools arm embedded/5.4 2016q3/bin/../lib/gcc/arm-none-eabi/5.4.1/../../../../arm-none-eabi/lib/armv6-m\libg.a(lib_a-atexit.o)
 .text          0x00000000        0x0 c:/program files (x86)/gnu tools arm embedded/5.4 2016q3/bin/../lib/gcc/arm-none-eabi/5.4.1/../../../../arm-none-eabi/lib/armv6-m\libg.a(lib_a-fini.o)
 .data          0x00000000        0x0 c:/program files (x86)/gnu tools arm embedded/5.4 2016q3/bin/../lib/gcc/arm-none-eabi/5.4.1/../../../../arm-none-eabi/lib/armv6-m\libg.a(lib_a-fini.o)
 .bss           0x00000000        0x0 c:/program files (x86)/gnu tools arm embedded/5.4 2016q3/bin/../lib/gcc/arm-none-eabi/5.4.1/../../../../arm-none-eabi/lib/armv6-m\libg.a(lib_a-fini.o)
 .text          0x00000000        0x0 c:/program files (x86)/gnu tools arm embedded/5.4 2016q3/bin/../lib/gcc/arm-none-eabi/5.4.1/../../../../arm-none-eabi/lib/armv6-m\libg.a(lib_a-__atexit.o)
 .data          0x00000000        0x0 c:/program files (x86)/gnu tools arm embedded/5.4 2016q3/bin/../lib/gcc/arm-none-eabi/5.4.1/../../../../arm-none-eabi/lib/armv6-m\libg.a(lib_a-__atexit.o)
 .bss           0x00000000        0x0 c:/program files (x86)/gnu tools arm embedded/5.4 2016q3/bin/../lib/gcc/arm-none-eabi/5.4.1/../../../../arm-none-eabi/lib/armv6-m\libg.a(lib_a-__atexit.o)
 .text          0x00000000        0x0 c:/program files (x86)/gnu tools arm embedded/5.4 2016q3/bin/../lib/gcc/arm-none-eabi/5.4.1/armv6-m/crtend.o
 .data          0x00000000        0x0 c:/program files (x86)/gnu tools arm embedded/5.4 2016q3/bin/../lib/gcc/arm-none-eabi/5.4.1/armv6-m/crtend.o
 .bss           0x00000000        0x0 c:/program files (x86)/gnu tools arm embedded/5.4 2016q3/bin/../lib/gcc/arm-none-eabi/5.4.1/armv6-m/crtend.o
 .eh_frame      0x00000000        0x4 c:/program files (x86)/gnu tools arm embedded/5.4 2016q3/bin/../lib/gcc/arm-none-eabi/5.4.1/armv6-m/crtend.o
 .text          0x00000000        0x0 c:/program files (x86)/gnu tools arm embedded/5.4 2016q3/bin/../lib/gcc/arm-none-eabi/5.4.1/armv6-m/crtn.o
 .data          0x00000000        0x0 c:/program files (x86)/gnu tools arm embedded/5.4 2016q3/bin/../lib/gcc/arm-none-eabi/5.4.1/armv6-m/crtn.o
 .bss           0x00000000        0x0 c:/program files (x86)/gnu tools arm embedded/5.4 2016q3/bin/../lib/gcc/arm-none-eabi/5.4.1/armv6-m/crtn.o

Memory Configuration

Name             Origin             Length             Attributes
rom              0x08000000         0x00010000         xr
ram              0x20000000         0x00002000         xrw
*default*        0x00000000         0xffffffff

Linker script and memory map

LOAD c:/program files (x86)/gnu tools arm embedded/5.4 2016q3/bin/../lib/gcc/arm-none-eabi/5.4.1/armv6-m/crti.o
LOAD c:/program files (x86)/gnu tools arm embedded/5.4 2016q3/bin/../lib/gcc/arm-none-eabi/5.4.1/armv6-m/crtbegin.o
LOAD c:/program files (x86)/gnu tools arm embedded/5.4 2016q3/bin/../lib/gcc/arm-none-eabi/5.4.1/../../../../arm-none-eabi/lib/armv6-m/crt0.o
                0x20002000                _eram = 0x20002000

.text           0x08000000     0x16a8
 *(.isr_vector)
 .isr_vector    0x08000000       0xc0 ..\obj\startup_stm32f030x8.o
                0x08000000                g_pfnVectors
 *(.text*)
 .text          0x080000c0       0x60 c:/program files (x86)/gnu tools arm embedded/5.4 2016q3/bin/../lib/gcc/arm-none-eabi/5.4.1/armv6-m/crtbegin.o
 .text          0x08000120      0x8b4 ..\obj\main.o
                0x08000120                PortC_Init
                0x080001a4                PortB_Init
                0x08000220                PortA_Init
                0x080002c0                timeDelay
                0x080002e8                pinState
                0x0800032c                LCDEnableLCD
                0x08000348                LCDDisableLCD
                0x08000364                LCDSetToWrite
                0x08000380                LCDSetToRead
                0x0800039c                LCDCommandMode
                0x080003b8                LCDDataMode
                0x080003d4                SendByte
                0x08000498                LCDSendAnCharacter
                0x080004e4                LCDSendAnCommand
                0x08000530                LCDSendaString
                0x08000558                ConvertUDec
                0x080006f0                LCDOutUDec
                0x08000714                power
                0x08000784                reverse
                0x080007dc                intToStr
                0x0800085c                LCDOutFloat
                0x080008f8                Clear_lcd
                0x08000914                Init_lcd
                0x08000968                LCDSetCursorLocation
                0x080009a0                main
 .text          0x080009d4      0x160 ..\obj\system_stm32f0xx.o
                0x080009d4                SystemInit
                0x08000a5c                SystemCoreClockUpdate
 .text.Reset_Handler
                0x08000b34       0x50 ..\obj\startup_stm32f030x8.o
                0x08000b34                Reset_Handler
 .text.Default_Handler
                0x08000b84        0x2 ..\obj\startup_stm32f030x8.o
                0x08000b84                TIM1_CC_IRQHandler
                0x08000b84                HardFault_Handler
                0x08000b84                TIM6_IRQHandler
                0x08000b84                SysTick_Handler
                0x08000b84                PendSV_Handler
                0x08000b84                NMI_Handler
                0x08000b84                I2C1_IRQHandler
                0x08000b84                SPI1_IRQHandler
                0x08000b84                EXTI2_3_IRQHandler
                0x08000b84                ADC1_IRQHandler
                0x08000b84                I2C2_IRQHandler
                0x08000b84                TIM17_IRQHandler
                0x08000b84                RTC_IRQHandler
                0x08000b84                TIM16_IRQHandler
                0x08000b84                TIM3_IRQHandler
                0x08000b84                EXTI4_15_IRQHandler
                0x08000b84                RCC_IRQHandler
                0x08000b84                DMA1_Channel1_IRQHandler
                0x08000b84                Default_Handler
                0x08000b84                TIM14_IRQHandler
                0x08000b84                DMA1_Channel4_5_IRQHandler
                0x08000b84                TIM15_IRQHandler
                0x08000b84                EXTI0_1_IRQHandler
                0x08000b84                SPI2_IRQHandler
                0x08000b84                SVC_Handler
                0x08000b84                WWDG_IRQHandler
                0x08000b84                DMA1_Channel2_3_IRQHandler
                0x08000b84                USART2_IRQHandler
                0x08000b84                FLASH_IRQHandler
                0x08000b84                USART1_IRQHandler
                0x08000b84                TIM1_BRK_UP_TRG_COM_IRQHandler
 *fill*         0x08000b86        0x2 
 .text          0x08000b88      0x114 c:/program files (x86)/gnu tools arm embedded/5.4 2016q3/bin/../lib/gcc/arm-none-eabi/5.4.1/armv6-m\libgcc.a(_udivsi3.o)
                0x08000b88                __aeabi_uidiv
                0x08000b88                __udivsi3
                0x08000c94                __aeabi_uidivmod
 .text          0x08000c9c      0x1d4 c:/program files (x86)/gnu tools arm embedded/5.4 2016q3/bin/../lib/gcc/arm-none-eabi/5.4.1/armv6-m\libgcc.a(_divsi3.o)
                0x08000c9c                __divsi3
                0x08000c9c                __aeabi_idiv
                0x08000e68                __aeabi_idivmod
 .text          0x08000e70        0x4 c:/program files (x86)/gnu tools arm embedded/5.4 2016q3/bin/../lib/gcc/arm-none-eabi/5.4.1/armv6-m\libgcc.a(_dvmd_tls.o)
                0x08000e70                __aeabi_idiv0
                0x08000e70                __aeabi_ldiv0
 .text          0x08000e74      0x228 c:/program files (x86)/gnu tools arm embedded/5.4 2016q3/bin/../lib/gcc/arm-none-eabi/5.4.1/armv6-m\libgcc.a(mulsf3.o)
                0x08000e74                __aeabi_fmul
 .text          0x0800109c      0x30c c:/program files (x86)/gnu tools arm embedded/5.4 2016q3/bin/../lib/gcc/arm-none-eabi/5.4.1/armv6-m\libgcc.a(subsf3.o)
                0x0800109c                __aeabi_fsub
 .text          0x080013a8       0x44 c:/program files (x86)/gnu tools arm embedded/5.4 2016q3/bin/../lib/gcc/arm-none-eabi/5.4.1/armv6-m\libgcc.a(fixsfsi.o)
                0x080013a8                __aeabi_f2iz
 .text          0x080013ec       0x90 c:/program files (x86)/gnu tools arm embedded/5.4 2016q3/bin/../lib/gcc/arm-none-eabi/5.4.1/armv6-m\libgcc.a(floatsisf.o)
                0x080013ec                __aeabi_i2f
 .text          0x0800147c       0x3c c:/program files (x86)/gnu tools arm embedded/5.4 2016q3/bin/../lib/gcc/arm-none-eabi/5.4.1/armv6-m\libgcc.a(_clzsi2.o)
                0x0800147c                __clzsi2
 .text.__libc_init_array
                0x080014b8       0x48 c:/program files (x86)/gnu tools arm embedded/5.4 2016q3/bin/../lib/gcc/arm-none-eabi/5.4.1/../../../../arm-none-eabi/lib/armv6-m\libg.a(lib_a-init.o)
                0x080014b8                __libc_init_array
 .text.startup.register_fini
                0x08001500       0x18 c:/program files (x86)/gnu tools arm embedded/5.4 2016q3/bin/../lib/gcc/arm-none-eabi/5.4.1/../../../../arm-none-eabi/lib/armv6-m\libg.a(lib_a-__call_atexit.o)
 .text.atexit   0x08001518       0x10 c:/program files (x86)/gnu tools arm embedded/5.4 2016q3/bin/../lib/gcc/arm-none-eabi/5.4.1/../../../../arm-none-eabi/lib/armv6-m\libg.a(lib_a-atexit.o)
                0x08001518                atexit
 .text.__libc_fini_array
                0x08001528       0x34 c:/program files (x86)/gnu tools arm embedded/5.4 2016q3/bin/../lib/gcc/arm-none-eabi/5.4.1/../../../../arm-none-eabi/lib/armv6-m\libg.a(lib_a-fini.o)
                0x08001528                __libc_fini_array
 .text.__register_exitproc
                0x0800155c       0xd4 c:/program files (x86)/gnu tools arm embedded/5.4 2016q3/bin/../lib/gcc/arm-none-eabi/5.4.1/../../../../arm-none-eabi/lib/armv6-m\libg.a(lib_a-__atexit.o)
                0x0800155c                __register_exitproc
 *(.init)
 .init          0x08001630        0x4 c:/program files (x86)/gnu tools arm embedded/5.4 2016q3/bin/../lib/gcc/arm-none-eabi/5.4.1/armv6-m/crti.o
                0x08001630                _init
 .init          0x08001634        0x8 c:/program files (x86)/gnu tools arm embedded/5.4 2016q3/bin/../lib/gcc/arm-none-eabi/5.4.1/armv6-m/crtn.o
 *(.fini)
 .fini          0x0800163c        0x4 c:/program files (x86)/gnu tools arm embedded/5.4 2016q3/bin/../lib/gcc/arm-none-eabi/5.4.1/armv6-m/crti.o
                0x0800163c                _fini
 .fini          0x08001640        0x8 c:/program files (x86)/gnu tools arm embedded/5.4 2016q3/bin/../lib/gcc/arm-none-eabi/5.4.1/armv6-m/crtn.o
 *crtbegin.o(.ctors)
 *crtbegin?.o(.ctors)
 *(EXCLUDE_FILE(*crtend.o *crtend?.o) .ctors)
 *(SORT(.ctors.*))
 *(.ctors)
 *crtbegin.o(.dtors)
 *crtbegin?.o(.dtors)
 *(EXCLUDE_FILE(*crtend.o *crtend?.o) .dtors)
 *(SORT(.dtors.*))
 *(.dtors)
 *(.rodata*)
 .rodata        0x08001648       0x1c ..\obj\main.o
 .rodata        0x08001664       0x40 c:/program files (x86)/gnu tools arm embedded/5.4 2016q3/bin/../lib/gcc/arm-none-eabi/5.4.1/armv6-m\libgcc.a(mulsf3.o)
 .rodata._global_impure_ptr
                0x080016a4        0x4 c:/program files (x86)/gnu tools arm embedded/5.4 2016q3/bin/../lib/gcc/arm-none-eabi/5.4.1/../../../../arm-none-eabi/lib/armv6-m\libg.a(lib_a-impure.o)
                0x080016a4                _global_impure_ptr
 *(.eh_fram e*)

.eh_frame       0x080016a8        0x0
 .eh_frame      0x080016a8        0x0 c:/program files (x86)/gnu tools arm embedded/5.4 2016q3/bin/../lib/gcc/arm-none-eabi/5.4.1/armv6-m/crtbegin.o

.glue_7         0x080016a8        0x0
 .glue_7        0x080016a8        0x0 linker stubs

.glue_7t        0x080016a8        0x0
 .glue_7t       0x080016a8        0x0 linker stubs

.vfp11_veneer   0x080016a8        0x0
 .vfp11_veneer  0x080016a8        0x0 linker stubs

.v4_bx          0x080016a8        0x0
 .v4_bx         0x080016a8        0x0 linker stubs

.iplt           0x080016a8        0x0
 .iplt          0x080016a8        0x0 c:/program files (x86)/gnu tools arm embedded/5.4 2016q3/bin/../lib/gcc/arm-none-eabi/5.4.1/armv6-m/crtbegin.o

.rel.dyn        0x080016a8        0x0
 .rel.iplt      0x080016a8        0x0 c:/program files (x86)/gnu tools arm embedded/5.4 2016q3/bin/../lib/gcc/arm-none-eabi/5.4.1/armv6-m/crtbegin.o

.ARM.extab
 *(.ARM.extab* .gnu.linkonce.armextab.*)
                0x080016a8                __exidx_start = .

.ARM.exidx
 *(.ARM.exidx* .gnu.linkonce.armexidx.*)
                0x080016a8                __exidx_end = .
                0x080016a8                __etext = .
                0x080016a8                _sidata = __etext

.data           0x20000000      0x450 load address 0x080016a8
                0x20000000                __data_start__ = .
                0x20000000                _sdata = __data_start__
 *(vtable)
 *(.data*)
 .data          0x20000000        0x4 ..\obj\main.o
                0x20000000                afterpoint
 .data          0x20000004       0x14 ..\obj\system_stm32f0xx.o
                0x20000004                SystemCoreClock
                0x20000008                AHBPrescTable
 .data.impure_data
                0x20000018      0x428 c:/program files (x86)/gnu tools arm embedded/5.4 2016q3/bin/../lib/gcc/arm-none-eabi/5.4.1/../../../../arm-none-eabi/lib/armv6-m\libg.a(lib_a-impure.o)
                0x20000440                . = ALIGN (0x4)
                0x20000440                PROVIDE (__preinit_array_start, .)
 *(.preinit_array)
                0x20000440                PROVIDE (__preinit_array_end, .)
                0x20000440                . = ALIGN (0x4)
                0x20000440                PROVIDE (__init_array_start, .)
 *(SORT(.init_array.*))
 .init_array.00000
                0x20000440        0x4 c:/program files (x86)/gnu tools arm embedded/5.4 2016q3/bin/../lib/gcc/arm-none-eabi/5.4.1/../../../../arm-none-eabi/lib/armv6-m\libg.a(lib_a-__call_atexit.o)
 *(.init_array)
 .init_array    0x20000444        0x4 c:/program files (x86)/gnu tools arm embedded/5.4 2016q3/bin/../lib/gcc/arm-none-eabi/5.4.1/armv6-m/crtbegin.o
                0x20000448                PROVIDE (__init_array_end, .)
                0x20000448                . = ALIGN (0x4)
                0x20000448                PROVIDE (__fini_array_start, .)
 *(SORT(.fini_array.*))
 *(.fini_array)
 .fini_array    0x20000448        0x4 c:/program files (x86)/gnu tools arm embedded/5.4 2016q3/bin/../lib/gcc/arm-none-eabi/5.4.1/armv6-m/crtbegin.o
                0x2000044c                PROVIDE (__fini_array_end, .)
 *(.jcr*)
 .jcr           0x2000044c        0x0 c:/program files (x86)/gnu tools arm embedded/5.4 2016q3/bin/../lib/gcc/arm-none-eabi/5.4.1/armv6-m/crtbegin.o
 .jcr           0x2000044c        0x4 c:/program files (x86)/gnu tools arm embedded/5.4 2016q3/bin/../lib/gcc/arm-none-eabi/5.4.1/armv6-m/crtend.o
                0x20000450                . = ALIGN (0x4)
                0x20000450                __data_end__ = .
                0x20000450                _edata = __data_end__

.igot.plt       0x20000450        0x0 load address 0x08001af8
 .igot.plt      0x20000450        0x0 c:/program files (x86)/gnu tools arm embedded/5.4 2016q3/bin/../lib/gcc/arm-none-eabi/5.4.1/armv6-m/crtbegin.o

.bss            0x20000450       0x30 load address 0x08001af8
                0x20000450                . = ALIGN (0x4)
                0x20000450                __bss_start__ = .
                0x20000450                _sbss = __bss_start__
 *(.bss*)
 .bss           0x20000450       0x1c c:/program files (x86)/gnu tools arm embedded/5.4 2016q3/bin/../lib/gcc/arm-none-eabi/5.4.1/armv6-m/crtbegin.o
 *(COMMON)
 COMMON         0x2000046c       0x12 ..\obj\main.o
                0x2000046c                stringDec
                0x20000474                res
                0x20000480                . = ALIGN (0x4)
 *fill*         0x2000047e        0x2 
                0x20000480                __bss_end__ = .
                0x20000480                _ebss = __bss_end__

.heap           0x20000480        0x0
                0x20000480                __end__ = .
                0x20000480                _end = __end__
                0x20000480                end = __end__
 *(.heap*)
                0x20000480                __HeapLimit = .

.co_stack       0x20000480        0x0
                0x20000480                . = ALIGN (0x8)
 *(.co_stack .co_stack.*)
                0x20002000                __StackTop = (ORIGIN (ram) + LENGTH (ram))
                0x20002000                __StackLimit = (__StackTop - SIZEOF (.co_stack))
                0x20002000                PROVIDE (__stack, __StackTop)
                0x00000001                ASSERT ((__StackLimit >= __HeapLimit), region ram  overflowed with stack)
LOAD ..\obj\stm32f0xx_hal_pwr.o
LOAD ..\obj\stm32f0xx_hal_dac_ex.o
LOAD ..\obj\stm32f0xx_hal.o
LOAD ..\obj\stm32f0xx_hal_pcd_ex.o
LOAD ..\obj\stm32f0xx_hal_adc.o
LOAD ..\obj\stm32f0xx_hal_rtc_ex.o
LOAD ..\obj\stm32f0xx_hal_pcd.o
LOAD ..\obj\stm32f0xx_hal_usart.o
LOAD ..\obj\stm32f0xx_hal_gpio.o
LOAD ..\obj\stm32f0xx_hal_uart_ex.o
LOAD ..\obj\stm32f0xx_hal_adc_ex.o
LOAD ..\obj\stm32f0xx_hal_iwdg.o
LOAD ..\obj\stm32f0xx_hal_crc_ex.o
LOAD ..\obj\stm32f0xx_hal_tim_ex.o
LOAD ..\obj\stm32f0xx_hal_i2c.o
LOAD ..\obj\stm32f0xx_hal_rtc.o
LOAD ..\obj\main.o
LOAD ..\obj\stm32f0xx_hal_comp.o
LOAD ..\obj\system_stm32f0xx.o
LOAD ..\obj\stm32f0xx_hal_dac.o
LOAD ..\obj\stm32f0xx_hal_smartcard_ex.o
LOAD ..\obj\stm32f0xx_hal_can.o
LOAD ..\obj\stm32f0xx_hal_pwr_ex.o
LOAD ..\obj\stm32f0xx_hal_flash_ex.o
LOAD ..\obj\stm32f0xx_hal_tim.o
LOAD ..\obj\stm32f0xx_hal_i2s.o
LOAD ..\obj\stm32f0xx_hal_rcc_ex.o
LOAD ..\obj\stm32f0xx_hal_smbus.o
LOAD ..\obj\stm32f0xx_hal_irda.o
LOAD ..\obj\stm32f0xx_hal_wwdg.o
LOAD ..\obj\stm32f0xx_hal_flash.o
LOAD ..\obj\stm32f0xx_hal_crc.o
LOAD ..\obj\stm32f0xx_hal_i2c_ex.o
LOAD ..\obj\stm32f0xx_hal_uart.o
LOAD ..\obj\stm32f0xx_hal_cec.o
LOAD ..\obj\stm32f0xx_hal_tsc.o
LOAD ..\obj\startup_stm32f030x8.o
LOAD ..\obj\stm32f0xx_hal_dma.o
LOAD ..\obj\stm32f0xx_hal_spi.o
LOAD ..\obj\stm32f0xx_hal_smartcard.o
LOAD ..\obj\stm32f0xx_hal_cortex.o
LOAD ..\obj\stm32f0xx_hal_rcc.o
START GROUP
LOAD c:/program files (x86)/gnu tools arm embedded/5.4 2016q3/bin/../lib/gcc/arm-none-eabi/5.4.1/armv6-m\libgcc.a
LOAD c:/program files (x86)/gnu tools arm embedded/5.4 2016q3/bin/../lib/gcc/arm-none-eabi/5.4.1/../../../../arm-none-eabi/lib/armv6-m\libg.a
LOAD c:/program files (x86)/gnu tools arm embedded/5.4 2016q3/bin/../lib/gcc/arm-none-eabi/5.4.1/../../../../arm-none-eabi/lib/armv6-m\libc.a
END GROUP
LOAD c:/program files (x86)/gnu tools arm embedded/5.4 2016q3/bin/../lib/gcc/arm-none-eabi/5.4.1/armv6-m/crtend.o
LOAD c:/program files (x86)/gnu tools arm embedded/5.4 2016q3/bin/../lib/gcc/arm-none-eabi/5.4.1/armv6-m/crtn.o
OUTPUT(4. ADC.elf elf32-littlearm)

.ARM.attributes
                0x00000000       0x28
 .ARM.attributes
                0x00000000       0x1e c:/program files (x86)/gnu tools arm embedded/5.4 2016q3/bin/../lib/gcc/arm-none-eabi/5.4.1/armv6-m/crti.o
 .ARM.attributes
                0x0000001e       0x2c c:/program files (x86)/gnu tools arm embedded/5.4 2016q3/bin/../lib/gcc/arm-none-eabi/5.4.1/armv6-m/crtbegin.o
 .ARM.attributes
                0x0000004a       0x31 ..\obj\main.o
 .ARM.attributes
                0x0000007b       0x31 ..\obj\system_stm32f0xx.o
 .ARM.attributes
                0x000000ac       0x21 ..\obj\startup_stm32f030x8.o
 .ARM.attributes
                0x000000cd       0x1e c:/program files (x86)/gnu tools arm embedded/5.4 2016q3/bin/../lib/gcc/arm-none-eabi/5.4.1/armv6-m\libgcc.a(_udivsi3.o)
 .ARM.attributes
                0x000000eb       0x1e c:/program files (x86)/gnu tools arm embedded/5.4 2016q3/bin/../lib/gcc/arm-none-eabi/5.4.1/armv6-m\libgcc.a(_divsi3.o)
 .ARM.attributes
                0x00000109       0x1e c:/program files (x86)/gnu tools arm embedded/5.4 2016q3/bin/../lib/gcc/arm-none-eabi/5.4.1/armv6-m\libgcc.a(_dvmd_tls.o)
 .ARM.attributes
                0x00000127       0x2c c:/program files (x86)/gnu tools arm embedded/5.4 2016q3/bin/../lib/gcc/arm-none-eabi/5.4.1/armv6-m\libgcc.a(mulsf3.o)
 .ARM.attributes
                0x00000153       0x2c c:/program files (x86)/gnu tools arm embedded/5.4 2016q3/bin/../lib/gcc/arm-none-eabi/5.4.1/armv6-m\libgcc.a(subsf3.o)
 .ARM.attributes
                0x0000017f       0x2c c:/program files (x86)/gnu tools arm embedded/5.4 2016q3/bin/../lib/gcc/arm-none-eabi/5.4.1/armv6-m\libgcc.a(fixsfsi.o)
 .ARM.attributes
                0x000001ab       0x2c c:/program files (x86)/gnu tools arm embedded/5.4 2016q3/bin/../lib/gcc/arm-none-eabi/5.4.1/armv6-m\libgcc.a(floatsisf.o)
 .ARM.attributes
                0x000001d7       0x1e c:/program files (x86)/gnu tools arm embedded/5.4 2016q3/bin/../lib/gcc/arm-none-eabi/5.4.1/armv6-m\libgcc.a(_clzsi2.o)
 .ARM.attributes
                0x000001f5       0x2c c:/program files (x86)/gnu tools arm embedded/5.4 2016q3/bin/../lib/gcc/arm-none-eabi/5.4.1/../../../../arm-none-eabi/lib/armv6-m\libg.a(lib_a-impure.o)
 .ARM.attributes
                0x00000221       0x2c c:/program files (x86)/gnu tools arm embedded/5.4 2016q3/bin/../lib/gcc/arm-none-eabi/5.4.1/../../../../arm-none-eabi/lib/armv6-m\libg.a(lib_a-init.o)
 .ARM.attributes
                0x0000024d       0x2c c:/program files (x86)/gnu tools arm embedded/5.4 2016q3/bin/../lib/gcc/arm-none-eabi/5.4.1/../../../../arm-none-eabi/lib/armv6-m\libg.a(lib_a-__call_atexit.o)
 .ARM.attributes
                0x00000279       0x2c c:/program files (x86)/gnu tools arm embedded/5.4 2016q3/bin/../lib/gcc/arm-none-eabi/5.4.1/../../../../arm-none-eabi/lib/armv6-m\libg.a(lib_a-atexit.o)
 .ARM.attributes
                0x000002a5       0x2c c:/program files (x86)/gnu tools arm embedded/5.4 2016q3/bin/../lib/gcc/arm-none-eabi/5.4.1/../../../../arm-none-eabi/lib/armv6-m\libg.a(lib_a-fini.o)
 .ARM.attributes
                0x000002d1       0x2c c:/program files (x86)/gnu tools arm embedded/5.4 2016q3/bin/../lib/gcc/arm-none-eabi/5.4.1/../../../../arm-none-eabi/lib/armv6-m\libg.a(lib_a-__atexit.o)
 .ARM.attributes
                0x000002fd       0x2c c:/program files (x86)/gnu tools arm embedded/5.4 2016q3/bin/../lib/gcc/arm-none-eabi/5.4.1/armv6-m/crtend.o
 .ARM.attributes
                0x00000329       0x1e c:/program files (x86)/gnu tools arm embedded/5.4 2016q3/bin/../lib/gcc/arm-none-eabi/5.4.1/armv6-m/crtn.o

.comment        0x00000000       0x6e
 .comment       0x00000000       0x6e ..\obj\main.o
                                 0x6f (size before relaxing)
 .comment       0x0000006e       0x6f ..\obj\system_stm32f0xx.o

.debug_info     0x00000000      0x99d
 .debug_info    0x00000000      0x6a9 ..\obj\main.o
 .debug_info    0x000006a9      0x215 ..\obj\system_stm32f0xx.o
 .debug_info    0x000008be       0xdf ..\obj\startup_stm32f030x8.o

.debug_abbrev   0x00000000      0x309
 .debug_abbrev  0x00000000      0x209 ..\obj\main.o
 .debug_abbrev  0x00000209       0xee ..\obj\system_stm32f0xx.o
 .debug_abbrev  0x000002f7       0x12 ..\obj\startup_stm32f030x8.o

.debug_aranges  0x00000000       0x68
 .debug_aranges
                0x00000000       0x20 ..\obj\main.o
 .debug_aranges
                0x00000020       0x20 ..\obj\system_stm32f0xx.o
 .debug_aranges
                0x00000040       0x28 ..\obj\startup_stm32f030x8.o

.debug_line     0x00000000      0x539
 .debug_line    0x00000000      0x2b2 ..\obj\main.o
 .debug_line    0x000002b2      0x1ab ..\obj\system_stm32f0xx.o
 .debug_line    0x0000045d       0xdc ..\obj\startup_stm32f030x8.o

.debug_str      0x00000000      0x437
 .debug_str     0x00000000      0x362 ..\obj\main.o
                                0x3ac (size before relaxing)
 .debug_str     0x00000362       0xd5 ..\obj\system_stm32f0xx.o
                                0x244 (size before relaxing)

.debug_frame    0x00000000      0x550
 .debug_frame   0x00000000      0x300 ..\obj\main.o
 .debug_frame   0x00000300       0x4c ..\obj\system_stm32f0xx.o
 .debug_frame   0x0000034c       0x20 c:/program files (x86)/gnu tools arm embedded/5.4 2016q3/bin/../lib/gcc/arm-none-eabi/5.4.1/armv6-m\libgcc.a(_udivsi3.o)
 .debug_frame   0x0000036c       0x20 c:/program files (x86)/gnu tools arm embedded/5.4 2016q3/bin/../lib/gcc/arm-none-eabi/5.4.1/armv6-m\libgcc.a(_divsi3.o)
 .debug_frame   0x0000038c       0x38 c:/program files (x86)/gnu tools arm embedded/5.4 2016q3/bin/../lib/gcc/arm-none-eabi/5.4.1/armv6-m\libgcc.a(mulsf3.o)
 .debug_frame   0x000003c4       0x30 c:/program files (x86)/gnu tools arm embedded/5.4 2016q3/bin/../lib/gcc/arm-none-eabi/5.4.1/armv6-m\libgcc.a(subsf3.o)
 .debug_frame   0x000003f4       0x20 c:/program files (x86)/gnu tools arm embedded/5.4 2016q3/bin/../lib/gcc/arm-none-eabi/5.4.1/armv6-m\libgcc.a(fixsfsi.o)
 .debug_frame   0x00000414       0x2c c:/program files (x86)/gnu tools arm embedded/5.4 2016q3/bin/../lib/gcc/arm-none-eabi/5.4.1/armv6-m\libgcc.a(floatsisf.o)
 .debug_frame   0x00000440       0x2c c:/program files (x86)/gnu tools arm embedded/5.4 2016q3/bin/../lib/gcc/arm-none-eabi/5.4.1/../../../../arm-none-eabi/lib/armv6-m\libg.a(lib_a-init.o)
 .debug_frame   0x0000046c       0x54 c:/program files (x86)/gnu tools arm embedded/5.4 2016q3/bin/../lib/gcc/arm-none-eabi/5.4.1/../../../../arm-none-eabi/lib/armv6-m\libg.a(lib_a-__call_atexit.o)
 .debug_frame   0x000004c0       0x28 c:/program files (x86)/gnu tools arm embedded/5.4 2016q3/bin/../lib/gcc/arm-none-eabi/5.4.1/../../../../arm-none-eabi/lib/armv6-m\libg.a(lib_a-atexit.o)
 .debug_frame   0x000004e8       0x2c c:/program files (x86)/gnu tools arm embedded/5.4 2016q3/bin/../lib/gcc/arm-none-eabi/5.4.1/../../../../arm-none-eabi/lib/armv6-m\libg.a(lib_a-fini.o)
 .debug_frame   0x00000514       0x3c c:/program files (x86)/gnu tools arm embedded/5.4 2016q3/bin/../lib/gcc/arm-none-eabi/5.4.1/../../../../arm-none-eabi/lib/armv6-m\libg.a(lib_a-__atexit.o)

.debug_ranges   0x00000000       0x20
 .debug_ranges  0x00000000       0x20 ..\obj\startup_stm32f030x8.o
